###############################################################################
#
# IAR ELF Linker V8.50.6.265/W32 for ARM                  23/Feb/2021  15:15:11
# Copyright 2007-2020 IAR Systems AB.
#
#    Output file  =
#        C:\Users\soren\Desktop\Bare-Metal-STM32L058\10.
#        freeRTOS\EWARM\Debug\Exe\freeRTOS.out
#    Map file     =
#        C:\Users\soren\Desktop\Bare-Metal-STM32L058\10.
#        freeRTOS\EWARM\Debug\List\freeRTOS.map
#    Command line =
#        -f C:\Users\soren\AppData\Local\Temp\EW50B2.tmp
#        ("C:\Users\soren\Desktop\Bare-Metal-STM32L058\10.
#        freeRTOS\EWARM\Debug\Obj\croutine.o"
#        "C:\Users\soren\Desktop\Bare-Metal-STM32L058\10.
#        freeRTOS\EWARM\Debug\Obj\customclock.o"
#        "C:\Users\soren\Desktop\Bare-Metal-STM32L058\10.
#        freeRTOS\EWARM\Debug\Obj\customgpio.o"
#        "C:\Users\soren\Desktop\Bare-Metal-STM32L058\10.
#        freeRTOS\EWARM\Debug\Obj\customuart.o"
#        "C:\Users\soren\Desktop\Bare-Metal-STM32L058\10.
#        freeRTOS\EWARM\Debug\Obj\event_groups.o"
#        "C:\Users\soren\Desktop\Bare-Metal-STM32L058\10.
#        freeRTOS\EWARM\Debug\Obj\heap_2.o"
#        "C:\Users\soren\Desktop\Bare-Metal-STM32L058\10.
#        freeRTOS\EWARM\Debug\Obj\list.o"
#        "C:\Users\soren\Desktop\Bare-Metal-STM32L058\10.
#        freeRTOS\EWARM\Debug\Obj\main.o"
#        "C:\Users\soren\Desktop\Bare-Metal-STM32L058\10.
#        freeRTOS\EWARM\Debug\Obj\port.o"
#        "C:\Users\soren\Desktop\Bare-Metal-STM32L058\10.
#        freeRTOS\EWARM\Debug\Obj\portasm.o"
#        "C:\Users\soren\Desktop\Bare-Metal-STM32L058\10.
#        freeRTOS\EWARM\Debug\Obj\queue.o"
#        "C:\Users\soren\Desktop\Bare-Metal-STM32L058\10.
#        freeRTOS\EWARM\Debug\Obj\startup_stm32l053xx.o"
#        "C:\Users\soren\Desktop\Bare-Metal-STM32L058\10.
#        freeRTOS\EWARM\Debug\Obj\stm32l0xx_it.o"
#        "C:\Users\soren\Desktop\Bare-Metal-STM32L058\10.
#        freeRTOS\EWARM\Debug\Obj\stream_buffer.o"
#        "C:\Users\soren\Desktop\Bare-Metal-STM32L058\10.
#        freeRTOS\EWARM\Debug\Obj\system_stm32l0xx.o"
#        "C:\Users\soren\Desktop\Bare-Metal-STM32L058\10.
#        freeRTOS\EWARM\Debug\Obj\tasks.o"
#        "C:\Users\soren\Desktop\Bare-Metal-STM32L058\10.
#        freeRTOS\EWARM\Debug\Obj\timers.o" --no_out_extension -o
#        "C:\Users\soren\Desktop\Bare-Metal-STM32L058\10.
#        freeRTOS\EWARM\Debug\Exe\freeRTOS.out" --redirect
#        _Printf=_PrintfFullNoMb --redirect _Scanf=_ScanfFullNoMb --map
#        "C:\Users\soren\Desktop\Bare-Metal-STM32L058\10.
#        freeRTOS\EWARM\Debug\List\freeRTOS.map" --config
#        "C:\Users\soren\Desktop\Bare-Metal-STM32L058\10.
#        freeRTOS\EWARM\freeRTOS.icf" --semihosting --entry __iar_program_start
#        --vfe --text_out locale)
#
###############################################################################

*******************************************************************************
*** RUNTIME MODEL ATTRIBUTES
***

CppFlavor       = *
__SystemLibrary = DLib
__dlib_version  = 6


*******************************************************************************
*** HEAP SELECTION
***

The basic heap was selected because some modules are built with
size limitations (and not runtime checking), and --advanced_heap
was not specified.


*******************************************************************************
*** PLACEMENT SUMMARY
***

"A0":  place at address 0x800'0000 { ro section .intvec };
"P1":  place in [from 0x800'0000 to 0x800'ffff] { ro };
define block CSTACK with size = 1'136, alignment = 8 { };
define block HEAP with size = 8'264, alignment = 8 { };
"P2":  place in [from 0x2000'0000 to 0x2000'1fff] {
          rw, block CSTACK, block HEAP };
initialize by copy { rw };

No sections matched the following patterns:

  section .eeprom  in "P3"


  Section            Kind         Address    Size  Object
  -------            ----         -------    ----  ------
"A0":                                        0xc0
  .intvec            ro code   0x800'0000    0xc0  startup_stm32l053xx.o [1]
                             - 0x800'00c0    0xc0

"P1":                                      0x340b
  .text              ro code   0x800'00c0  0x1054  xprintffull_nomb.o [2]
  .text              ro code   0x800'1114    0x12  strchr.o [4]
  .text              ro code   0x800'1126     0xa  xsprout.o [2]
  .text              ro code   0x800'1130    0x48  xfail_s.o [2]
  .text              ro code   0x800'1178     0xe  strlen.o [4]
  .rodata            const     0x800'1186     0x2  heap_2.o [1]
  .text              ro code   0x800'1188    0x16  memchr.o [4]
  .rodata            const     0x800'119e     0x2  xlocale_c.o [2]
  .text              ro code   0x800'11a0    0x4e  ABImemcpy.o [4]
  .text              ro code   0x800'11ee    0x32  DblCmpLe.o [3]
  .text              ro code   0x800'1220    0x32  DblCmpGe.o [3]
  .text              ro code   0x800'1252     0x2  startup_stm32l053xx.o [1]
  .text              ro code   0x800'1254    0x52  DblToI32.o [3]
  .text              ro code   0x800'12a6     0x2  startup_stm32l053xx.o [1]
  .text              ro code   0x800'12a8    0x34  IxxToDbl.o [3]
  .text              ro code   0x800'12dc   0x1a8  DblAddSub.o [3]
  .text              ro code   0x800'1484    0xe0  I32DivModFast.o [4]
  .text              ro code   0x800'1564    0xc2  DblDiv.o [3]
  .text              ro code   0x800'1626   0x184  DblMul.o [3]
  .text              ro code   0x800'17aa     0x2  startup_stm32l053xx.o [1]
  .text              ro code   0x800'17ac     0xc  xlocale_c.o [2]
  .text              ro code   0x800'17b8    0x6a  I64DivMod.o [4]
  .text              ro code   0x800'1822     0xa  abort.o [2]
  .text              ro code   0x800'182c     0x2  IntDivZer.o [4]
  .text              ro code   0x800'182e     0x2  startup_stm32l053xx.o [1]
  .text              ro code   0x800'1830     0x2  I64DivZer.o [4]
  .text              ro code   0x800'1832     0x2  startup_stm32l053xx.o [1]
  .text              ro code   0x800'1834    0x14  exit.o [5]
  .text              ro code   0x800'1848   0x82c  tasks.o [1]
  .text              ro code   0x800'2074   0x140  heap_2.o [1]
  .text              ro code   0x800'21b4    0x4e  ABImemset.o [4]
  .text              ro code   0x800'2202    0x9a  list.o [1]
  .text              ro code   0x800'229c   0x108  port.o [1]
  .text              ro code   0x800'23a4   0x3c4  timers.o [1]
  .text              ro code   0x800'2768   0x19c  main.o [1]
  CODE               ro code   0x800'2904    0x7c  portasm.o [1]
  .text              ro code   0x800'2980   0x5ea  queue.o [1]
  .text              ro code   0x800'2f6a     0x2  startup_stm32l053xx.o [1]
  .text              ro code   0x800'2f6c    0xf0  customgpio.o [1]
  .text              ro code   0x800'305c    0x40  sprintf.o [2]
  .text              ro code   0x800'309c    0x7c  customuart.o [1]
  .text              ro code   0x800'3118    0x94  customclock.o [1]
  .text              ro code   0x800'31ac    0xf0  system_stm32l0xx.o [1]
  .rodata            const     0x800'329c    0x6a  xprintffull_nomb.o [2]
  .text              ro code   0x800'3306     0x2  startup_stm32l053xx.o [1]
  Initializer bytes  const     0x800'3308    0x48  <for P2-1>
  .text              ro code   0x800'3350    0x3c  zero_init3.o [4]
  .text              ro code   0x800'338c    0x30  copy_init3.o [4]
  .text              ro code   0x800'33bc    0x28  data_init.o [4]
  .iar.init_table    const     0x800'33e4    0x24  - Linker created -
  .text              ro code   0x800'3408    0x1e  cmain.o [4]
  .text              ro code   0x800'3426     0x4  low_level_init.o [2]
  .text              ro code   0x800'342a     0x8  exit.o [2]
  .text              ro code   0x800'3432     0x2  startup_stm32l053xx.o [1]
  .text              ro code   0x800'3434     0xa  cexit.o [4]
  .text              ro code   0x800'343e     0x2  startup_stm32l053xx.o [1]
  .rodata            const     0x800'3440    0x10  system_stm32l0xx.o [1]
  .text              ro code   0x800'3450    0x10  startup_stm32l053xx.o [1]
  .rodata            const     0x800'3460     0xc  system_stm32l0xx.o [1]
  .text              ro code   0x800'346c     0xc  cstartup_M.o [4]
  .rodata            const     0x800'3478     0x8  main.o [1]
  .rodata            const     0x800'3480     0x8  main.o [1]
  .rodata            const     0x800'3488     0x8  tasks.o [1]
  .rodata            const     0x800'3490     0x8  timers.o [1]
  .rodata            const     0x800'3498     0x8  timers.o [1]
  .text              ro code   0x800'34a0     0x2  startup_stm32l053xx.o [1]
  .text              ro code   0x800'34a2     0x2  startup_stm32l053xx.o [1]
  .text              ro code   0x800'34a4     0x2  startup_stm32l053xx.o [1]
  .text              ro code   0x800'34a6     0x2  startup_stm32l053xx.o [1]
  .text              ro code   0x800'34a8     0x2  startup_stm32l053xx.o [1]
  .text              ro code   0x800'34aa     0x2  startup_stm32l053xx.o [1]
  .text              ro code   0x800'34ac     0x2  startup_stm32l053xx.o [1]
  .text              ro code   0x800'34ae     0x2  startup_stm32l053xx.o [1]
  .text              ro code   0x800'34b0     0x2  startup_stm32l053xx.o [1]
  .text              ro code   0x800'34b2     0x2  startup_stm32l053xx.o [1]
  .text              ro code   0x800'34b4     0x2  startup_stm32l053xx.o [1]
  .text              ro code   0x800'34b6     0x2  startup_stm32l053xx.o [1]
  .text              ro code   0x800'34b8     0x2  startup_stm32l053xx.o [1]
  .text              ro code   0x800'34ba     0x2  startup_stm32l053xx.o [1]
  .text              ro code   0x800'34bc     0x2  startup_stm32l053xx.o [1]
  .text              ro code   0x800'34be     0x2  startup_stm32l053xx.o [1]
  .text              ro code   0x800'34c0     0x2  startup_stm32l053xx.o [1]
  .text              ro code   0x800'34c2     0x2  startup_stm32l053xx.o [1]
  .text              ro code   0x800'34c4     0x2  startup_stm32l053xx.o [1]
  .text              ro code   0x800'34c6     0x2  startup_stm32l053xx.o [1]
  .text              ro code   0x800'34c8     0x2  startup_stm32l053xx.o [1]
  .rodata            const     0x800'34ca     0x1  xlocale_c.o [2]
  .rodata            const     0x800'34cb     0x0  zero_init3.o [4]
  .rodata            const     0x800'34cb     0x0  copy_init3.o [4]
                             - 0x800'34cb  0x340b

"P2", part 1 of 3:                           0x48
  P2-1                        0x2000'0000    0x48  <Init block>
    .data            inited   0x2000'0000     0x4  heap_2.o [1]
    .data            inited   0x2000'0004     0x4  port.o [1]
    .data            inited   0x2000'0008     0x4  system_stm32l0xx.o [1]
    .data            inited   0x2000'000c     0x4  tasks.o [1]
    .data            inited   0x2000'0010    0x38  xlocale_c.o [2]
                            - 0x2000'0048    0x48

"P2", part 2 of 3:                         0x1b04
  .bss               zero     0x2000'0048  0x1964  heap_2.o [1]
  .bss               zero     0x2000'19ac    0x64  tasks.o [1]
  .bss               zero     0x2000'1a10    0x40  queue.o [1]
  .bss               zero     0x2000'1a50    0x14  tasks.o [1]
  .bss               zero     0x2000'1a64    0x14  tasks.o [1]
  .bss               zero     0x2000'1a78    0x14  tasks.o [1]
  .bss               zero     0x2000'1a8c    0x14  tasks.o [1]
  .bss               zero     0x2000'1aa0    0x14  tasks.o [1]
  .bss               zero     0x2000'1ab4    0x14  timers.o [1]
  .bss               zero     0x2000'1ac8    0x14  timers.o [1]
  .bss               zero     0x2000'1adc     0x8  heap_2.o [1]
  .bss               zero     0x2000'1ae4     0x8  heap_2.o [1]
  .bss               zero     0x2000'1aec     0x4  heap_2.o [1]
  .bss               zero     0x2000'1af0     0x4  main.o [1]
  .bss               zero     0x2000'1af4     0x4  main.o [1]
  .bss               zero     0x2000'1af8     0x4  tasks.o [1]
  .bss               zero     0x2000'1afc     0x4  tasks.o [1]
  .bss               zero     0x2000'1b00     0x4  tasks.o [1]
  .bss               zero     0x2000'1b04     0x4  tasks.o [1]
  .bss               zero     0x2000'1b08     0x4  tasks.o [1]
  .bss               zero     0x2000'1b0c     0x4  tasks.o [1]
  .bss               zero     0x2000'1b10     0x4  tasks.o [1]
  .bss               zero     0x2000'1b14     0x4  tasks.o [1]
  .bss               zero     0x2000'1b18     0x4  tasks.o [1]
  .bss               zero     0x2000'1b1c     0x4  tasks.o [1]
  .bss               zero     0x2000'1b20     0x4  tasks.o [1]
  .bss               zero     0x2000'1b24     0x4  tasks.o [1]
  .bss               zero     0x2000'1b28     0x4  tasks.o [1]
  .bss               zero     0x2000'1b2c     0x4  tasks.o [1]
  .bss               zero     0x2000'1b30     0x4  tasks.o [1]
  .bss               zero     0x2000'1b34     0x4  timers.o [1]
  .bss               zero     0x2000'1b38     0x4  timers.o [1]
  .bss               zero     0x2000'1b3c     0x4  timers.o [1]
  .bss               zero     0x2000'1b40     0x4  timers.o [1]
  .bss               zero     0x2000'1b44     0x4  timers.o [1]
  .bss               zero     0x2000'1b48     0x4  xfail_s.o [2]
                            - 0x2000'1b4c  0x1b04

"P2", part 3 of 3:                          0x470
  CSTACK                      0x2000'1b50   0x470  <Block>
    CSTACK           uninit   0x2000'1b50   0x470  <Block tail>
                            - 0x2000'1fc0   0x470

Unused ranges:

         From           To    Size
         ----           --    ----
   0x800'34cb   0x800'ffff  0xcb35
  0x2000'1b4c  0x2000'1b4f     0x4
  0x2000'1fc0  0x2000'1fff    0x40


*******************************************************************************
*** INIT TABLE
***

          Address      Size
          -------      ----
Zero (__iar_zero_init3)
    1 destination range, total size 0x1b04:
          0x2000'0048  0x1b04

Copy (__iar_copy_init3)
    1 source range, total size 0x48:
           0x800'3308    0x48
    1 destination range, total size 0x48:
          0x2000'0000    0x48



*******************************************************************************
*** MODULE SUMMARY
***

    Module                 ro code  ro data  rw data
    ------                 -------  -------  -------
command line/config:
    ------------------------------------------------
    Total:

C:\Users\soren\Desktop\Bare-Metal-STM32L058\10. freeRTOS\EWARM\Debug\Obj: [1]
    customclock.o              148
    customgpio.o               240
    customuart.o               124
    heap_2.o                   320        6    6'524
    list.o                     154
    main.o                     412       16        8
    port.o                     264        4        4
    portasm.o                  124
    queue.o                  1'514                64
    startup_stm32l053xx.o      268
    system_stm32l0xx.o         240       32        4
    tasks.o                  2'092       12      264
    timers.o                   964       16       60
    ------------------------------------------------
    Total:                   6'864       86    6'928

dl6M_tlf.a: [2]
    abort.o                     10
    exit.o                       8
    low_level_init.o             4
    sprintf.o                   64
    xfail_s.o                   72                 4
    xlocale_c.o                 12       59       56
    xprintffull_nomb.o       4'180      106
    xsprout.o                   10
    ------------------------------------------------
    Total:                   4'360      165       60

m6M_tl.a: [3]
    DblAddSub.o                424
    DblCmpGe.o                  50
    DblCmpLe.o                  50
    DblDiv.o                   194
    DblMul.o                   388
    DblToI32.o                  82
    IxxToDbl.o                  52
    ------------------------------------------------
    Total:                   1'240

rt6M_tl.a: [4]
    ABImemcpy.o                 78
    ABImemset.o                 78
    I32DivModFast.o            224
    I64DivMod.o                106
    I64DivZer.o                  2
    IntDivZer.o                  2
    cexit.o                     10
    cmain.o                     30
    copy_init3.o                48
    cstartup_M.o                12
    data_init.o                 40
    memchr.o                    22
    strchr.o                    18
    strlen.o                    14
    zero_init3.o                60
    ------------------------------------------------
    Total:                     744

shb_l.a: [5]
    exit.o                      20
    ------------------------------------------------
    Total:                      20

    Linker created                       36    1'136
----------------------------------------------------
    Grand Total:            13'228      287    8'124


*******************************************************************************
*** ENTRY LIST
***

Entry                       Address    Size  Type      Object
-----                       -------    ----  ----      ------
.iar.init_table$$Base    0x800'33e4           --   Gb  - Linker created -
.iar.init_table$$Limit   0x800'3408           --   Gb  - Linker created -
?main                    0x800'3409          Code  Gb  cmain.o [4]
AHBPrescTable            0x800'3440    0x10  Data  Gb  system_stm32l0xx.o [1]
CSTACK$$Base            0x2000'1b50           --   Gb  - Linker created -
CSTACK$$Limit           0x2000'1fc0           --   Gb  - Linker created -
NVIC_SetPriority         0x800'2769    0x8a  Code  Lc  main.o [1]
PLLMulTable              0x800'3460     0xc  Data  Gb  system_stm32l0xx.o [1]
PendSV_Handler           0x800'290b          Code  Gb  portasm.o [1]
Region$$Table$$Base      0x800'33e4           --   Gb  - Linker created -
Region$$Table$$Limit     0x800'3408           --   Gb  - Linker created -
SVC_Handler              0x800'2949          Code  Gb  portasm.o [1]
SysTick_Config           0x800'27f3    0x30  Code  Lc  main.o [1]
SysTick_Handler          0x800'233f    0x20  Code  Gb  port.o [1]
SystemCoreClock         0x2000'0008     0x4  Data  Gb  system_stm32l0xx.o [1]
SystemCoreClockUpdate    0x800'31af    0xca  Code  Gb  system_stm32l0xx.o [1]
SystemInit               0x800'31ad     0x2  Code  Gb  system_stm32l0xx.o [1]
UART_Send_Char           0x800'30cd    0x12  Code  Gb  customuart.o [1]
UART_Send_String         0x800'30f9    0x20  Code  Gb  customuart.o [1]
_LitobFullNoMb           0x800'0f51   0x120  Code  Lc  xprintffull_nomb.o [2]
_Locale_lconv           0x2000'0010    0x38  Data  Lc  xlocale_c.o [2]
_PrintfFullNoMb          0x800'00c1   0xe90  Code  Gb  xprintffull_nomb.o [2]
_PutcharFullNoMb         0x800'10bd    0x22  Code  Lc  xprintffull_nomb.o [2]
_PutcharsFullNoMb        0x800'10df    0x36  Code  Lc  xprintffull_nomb.o [2]
_SProut                  0x800'1127     0xa  Code  Gb  xsprout.o [2]
__aeabi_cdcmple          0x800'11ef          Code  Gb  DblCmpLe.o [3]
__aeabi_cdrcmple         0x800'1221          Code  Gb  DblCmpGe.o [3]
__aeabi_d2iz             0x800'1255          Code  Gb  DblToI32.o [3]
__aeabi_d2uiz            0x800'1279          Code  Gb  DblToI32.o [3]
__aeabi_ddiv             0x800'1565          Code  Gb  DblDiv.o [3]
__aeabi_dmul             0x800'1627          Code  Gb  DblMul.o [3]
__aeabi_dsub             0x800'1397          Code  Gb  DblAddSub.o [3]
__aeabi_i2d              0x800'12c9          Code  Gb  IxxToDbl.o [3]
__aeabi_idiv             0x800'14b1          Code  Gb  I32DivModFast.o [4]
__aeabi_idiv0            0x800'182d          Code  Gb  IntDivZer.o [4]
__aeabi_idivmod          0x800'14b1          Code  Gb  I32DivModFast.o [4]
__aeabi_ldiv0            0x800'1831          Code  Gb  I64DivZer.o [4]
__aeabi_memcpy           0x800'11d5          Code  Gb  ABImemcpy.o [4]
__aeabi_memcpy4          0x800'11a1          Code  Gb  ABImemcpy.o [4]
__aeabi_memcpy8          0x800'11a1          Code  Gb  ABImemcpy.o [4]
__aeabi_memset           0x800'21b5          Code  Gb  ABImemset.o [4]
__aeabi_ui2d             0x800'12a9          Code  Gb  IxxToDbl.o [3]
__aeabi_uidiv            0x800'14b7          Code  Gb  I32DivModFast.o [4]
__aeabi_uidivmod         0x800'14b7          Code  Gb  I32DivModFast.o [4]
__aeabi_uldivmod         0x800'17b9          Code  Gb  I64DivMod.o [4]
__cmain                  0x800'3409          Code  Gb  cmain.o [4]
__exit                   0x800'1835    0x14  Code  Gb  exit.o [5]
__iar_Fail_s             0x800'1131    0x22  Code  Gb  xfail_s.o [2]
__iar_Memchr             0x800'1189          Code  Gb  memchr.o [4]
__iar_Memcpy             0x800'11e1          Code  Gb  ABImemcpy.o [4]
__iar_Memset4_word       0x800'21d5          Code  Gb  ABImemset.o [4]
__iar_Memset_word        0x800'21c1          Code  Gb  ABImemset.o [4]
__iar_Strchr             0x800'1115          Code  Gb  strchr.o [4]
__iar_copy_init3         0x800'338d    0x30  Code  Gb  copy_init3.o [4]
__iar_d2uiz              0x800'127d          Code  Gb  DblToI32.o [3]
__iar_data_init3         0x800'33bd    0x28  Code  Gb  data_init.o [4]
__iar_program_start      0x800'346d          Code  Gb  cstartup_M.o [4]
__iar_zero_init3         0x800'3351    0x3c  Code  Gb  zero_init3.o [4]
__low_level_init         0x800'3427     0x4  Code  Gb  low_level_init.o [2]
__vector_table           0x800'0000          Data  Gb  startup_stm32l053xx.o [1]
_call_main               0x800'3415          Code  Gb  cmain.o [4]
_exit                    0x800'3435          Code  Gb  cexit.o [4]
_main                    0x800'3423          Code  Gb  cmain.o [4]
abort                    0x800'1823     0xa  Code  Gb  abort.o [2]
customClock_init         0x800'3119    0x94  Code  Gb  customclock.o [1]
customGPIO_init          0x800'2f6d    0xb6  Code  Gb  customgpio.o [1]
customUSART1_Init        0x800'309d    0x30  Code  Gb  customuart.o [1]
exit                     0x800'342b     0x8  Code  Gb  exit.o [2]
heapSTRUCT_SIZE          0x800'1186     0x2  Data  Lc  heap_2.o [1]
localeconv               0x800'17ad     0x4  Code  Gb  xlocale_c.o [2]
main                     0x800'2871    0x50  Code  Gb  main.o [1]
memchr                   0x800'1189          Code  Gb  memchr.o [4]
myTask1                  0x800'2823    0x10  Code  Gb  main.o [1]
myTask1Handle           0x2000'1af0     0x4  Data  Gb  main.o [1]
myTask2                  0x800'2833    0x3e  Code  Gb  main.o [1]
myTask2Handle           0x2000'1af4     0x4  Data  Gb  main.o [1]
prvAddCurrentTaskToDelayedList
                         0x800'2001    0x5c  Code  Lc  tasks.o [1]
prvAddNewTaskToReadyList
                         0x800'196f    0x80  Code  Lc  tasks.o [1]
prvCheckForValidListAndQueue
                         0x800'2705    0x46  Code  Lc  timers.o [1]
prvCheckTasksWaitingTermination
                         0x800'1eb9    0x36  Code  Lc  tasks.o [1]
prvCopyDataFromQueue     0x800'2e1d    0x2a  Code  Lc  queue.o [1]
prvCopyDataToQueue       0x800'2d9d    0x80  Code  Lc  queue.o [1]
prvDeleteTCB             0x800'1efd    0x12  Code  Lc  tasks.o [1]
prvGetNextExpireTime     0x800'2503    0x26  Code  Lc  timers.o [1]
prvHeapInit              0x800'217b    0x1c  Code  Lc  heap_2.o [1]
prvIdleTask              0x800'1e5d    0x14  Code  Lc  tasks.o [1]
prvInitialiseNewQueue    0x800'2a5b    0x22  Code  Lc  queue.o [1]
prvInitialiseNewTask     0x800'18b1    0xbe  Code  Lc  tasks.o [1]
prvInitialiseTaskLists   0x800'1e71    0x44  Code  Lc  tasks.o [1]
prvInsertTimerInActiveList
                         0x800'2561    0x3e  Code  Lc  timers.o [1]
prvIsQueueEmpty          0x800'2eb5    0x1c  Code  Lc  queue.o [1]
prvIsQueueFull           0x800'2ed3    0x1e  Code  Lc  queue.o [1]
prvProcessExpiredTimer   0x800'2431    0x5c  Code  Lc  timers.o [1]
prvProcessReceivedCommands
                         0x800'25a1    0xf8  Code  Lc  timers.o [1]
prvProcessTimerOrBlockTask
                         0x800'24a1    0x62  Code  Lc  timers.o [1]
prvResetNextTaskUnblockTime
                         0x800'1f0f    0x22  Code  Lc  tasks.o [1]
prvSampleTimeNow         0x800'2529    0x26  Code  Lc  timers.o [1]
prvSampleTimeNow::xLastTime
                        0x2000'1b44     0x4  Data  Lc  timers.o [1]
prvSwitchTimerLists      0x800'2699    0x68  Code  Lc  timers.o [1]
prvTaskExitError         0x800'22b9    0x16  Code  Lc  port.o [1]
prvTimerTask             0x800'248d    0x14  Code  Lc  timers.o [1]
prvUnlockQueue           0x800'2e47    0x6e  Code  Lc  queue.o [1]
pvPortMalloc             0x800'2075    0xcc  Code  Gb  heap_2.o [1]
pvPortMalloc::xHeapHasBeenInitialised
                        0x2000'1aec     0x4  Data  Lc  heap_2.o [1]
pxCurrentTCB            0x2000'1af8     0x4  Data  Gb  tasks.o [1]
pxCurrentTimerList      0x2000'1b34     0x4  Data  Lc  timers.o [1]
pxDelayedTaskList       0x2000'1afc     0x4  Data  Lc  tasks.o [1]
pxOverflowDelayedTaskList
                        0x2000'1b00     0x4  Data  Lc  tasks.o [1]
pxOverflowTimerList     0x2000'1b38     0x4  Data  Lc  timers.o [1]
pxPortInitialiseStack    0x800'229d    0x1a  Code  Gb  port.o [1]
pxReadyTasksLists       0x2000'19ac    0x64  Data  Lc  tasks.o [1]
scale                    0x800'1071    0x44  Code  Lc  xprintffull_nomb.o [2]
sec_hand                0x2000'1b48     0x4  Data  Lc  xfail_s.o [2]
sprintf                  0x800'305d    0x40  Code  Gb  sprintf.o [2]
strchr                   0x800'1115          Code  Gb  strchr.o [4]
strlen                   0x800'1179          Code  Gb  strlen.o [4]
toggleLED2               0x800'3023     0xc  Code  Gb  customgpio.o [1]
ucHeap                  0x2000'0048  0x1964  Data  Lc  heap_2.o [1]
ulSetInterruptMaskFromISR
                         0x800'296d          Code  Gb  portasm.o [1]
uxCriticalNesting       0x2000'0004     0x4  Data  Lc  port.o [1]
uxCurrentNumberOfTasks  0x2000'1b08     0x4  Data  Lc  tasks.o [1]
uxDeletedTasksWaitingCleanUp
                        0x2000'1b04     0x4  Data  Lc  tasks.o [1]
uxListRemove             0x800'2275    0x28  Code  Gb  list.o [1]
uxSchedulerSuspended    0x2000'1b30     0x4  Data  Lc  tasks.o [1]
uxTaskNumber            0x2000'1b24     0x4  Data  Lc  tasks.o [1]
uxTopReadyPriority      0x2000'1b10     0x4  Data  Lc  tasks.o [1]
uxTopUsedPriority       0x2000'000c     0x4  Data  Gb  tasks.o [1]
vApplicationMallocFailedHook
                         0x800'28f5     0x6  Code  Gb  main.o [1]
vApplicationStackOverflowHook
                         0x800'28fd     0x6  Code  Gb  main.o [1]
vApplicationTickHook     0x800'2903     0x2  Code  Gb  main.o [1]
vClearInterruptMaskFromISR
                         0x800'2975          Code  Gb  portasm.o [1]
vListInitialise          0x800'2203    0x1e  Code  Gb  list.o [1]
vListInitialiseItem      0x800'2221     0x6  Code  Gb  list.o [1]
vListInsert              0x800'223f    0x36  Code  Gb  list.o [1]
vListInsertEnd           0x800'2227    0x18  Code  Gb  list.o [1]
vPortEnterCritical       0x800'230d    0x14  Code  Gb  port.o [1]
vPortExitCritical        0x800'2321    0x1e  Code  Gb  port.o [1]
vPortFree                0x800'2141    0x3a  Code  Gb  heap_2.o [1]
vPortStartFirstTask      0x800'294b          Code  Gb  portasm.o [1]
vPortYield               0x800'22f9    0x12  Code  Gb  port.o [1]
vQueueAddToRegistry      0x800'2ef3    0x28  Code  Gb  queue.o [1]
vQueueWaitForMessageRestricted
                         0x800'2f21    0x4a  Code  Gb  queue.o [1]
vSetMSP                  0x800'2905          Code  Gb  portasm.o [1]
vTaskDelay               0x800'19f1    0x30  Code  Gb  tasks.o [1]
vTaskInternalSetTimeOutState
                         0x800'1dcd     0xe  Code  Gb  tasks.o [1]
vTaskMissedYield         0x800'1e4d     0x8  Code  Gb  tasks.o [1]
vTaskPlaceOnEventList    0x800'1cf9    0x20  Code  Gb  tasks.o [1]
vTaskPlaceOnEventListRestricted
                         0x800'1d1d    0x2a  Code  Gb  tasks.o [1]
vTaskStartScheduler      0x800'1a3d    0x4e  Code  Gb  tasks.o [1]
vTaskSuspendAll          0x800'1a8d     0xa  Code  Gb  tasks.o [1]
vTaskSwitchContext       0x800'1c71    0x86  Code  Gb  tasks.o [1]
xActiveTimerList1       0x2000'1ab4    0x14  Data  Lc  timers.o [1]
xActiveTimerList2       0x2000'1ac8    0x14  Data  Lc  timers.o [1]
xDelayedTaskList1       0x2000'1a50    0x14  Data  Lc  tasks.o [1]
xDelayedTaskList2       0x2000'1a64    0x14  Data  Lc  tasks.o [1]
xEnd                    0x2000'1ae4     0x8  Data  Lc  heap_2.o [1]
xFreeBytesRemaining     0x2000'0000     0x4  Data  Lc  heap_2.o [1]
xIdleTaskHandle         0x2000'1b2c     0x4  Data  Lc  tasks.o [1]
xNextTaskUnblockTime    0x2000'1b28     0x4  Data  Lc  tasks.o [1]
xNumOfOverflows         0x2000'1b20     0x4  Data  Lc  tasks.o [1]
xPendedTicks            0x2000'1b18     0x4  Data  Lc  tasks.o [1]
xPendingReadyList       0x2000'1a78    0x14  Data  Lc  tasks.o [1]
xPortStartScheduler      0x800'22cf    0x2a  Code  Gb  port.o [1]
xQueueGenericCreate      0x800'29f5    0x66  Code  Gb  queue.o [1]
xQueueGenericReset       0x800'2981    0x74  Code  Gb  queue.o [1]
xQueueGenericSend        0x800'2a7d   0x144  Code  Gb  queue.o [1]
xQueueGenericSendFromISR
                         0x800'2bc1    0xb8  Code  Gb  queue.o [1]
xQueueReceive            0x800'2c79   0x124  Code  Gb  queue.o [1]
xQueueRegistry          0x2000'1a10    0x40  Data  Gb  queue.o [1]
xSchedulerRunning       0x2000'1b14     0x4  Data  Lc  tasks.o [1]
xStart                  0x2000'1adc     0x8  Data  Lc  heap_2.o [1]
xSuspendedTaskList      0x2000'1aa0    0x14  Data  Lc  tasks.o [1]
xTaskCheckForTimeOut     0x800'1de1    0x6c  Code  Gb  tasks.o [1]
xTaskCreate              0x800'1849    0x66  Code  Gb  tasks.o [1]
xTaskGetSchedulerState   0x800'1f35    0x1e  Code  Gb  tasks.o [1]
xTaskGetTickCount        0x800'1b51     0x6  Code  Gb  tasks.o [1]
xTaskIncrementTick       0x800'1b81    0xe2  Code  Gb  tasks.o [1]
xTaskPriorityDisinherit
                         0x800'1f61    0x6a  Code  Gb  tasks.o [1]
xTaskRemoveFromEventList
                         0x800'1d55    0x68  Code  Gb  tasks.o [1]
xTaskResumeAll           0x800'1a9d    0xb4  Code  Gb  tasks.o [1]
xTasksWaitingTermination
                        0x2000'1a8c    0x14  Data  Lc  tasks.o [1]
xTickCount              0x2000'1b0c     0x4  Data  Lc  tasks.o [1]
xTimerCreateTimerTask    0x800'23a5    0x32  Code  Gb  timers.o [1]
xTimerGenericCommand     0x800'23d9    0x56  Code  Gb  timers.o [1]
xTimerQueue             0x2000'1b3c     0x4  Data  Lc  timers.o [1]
xTimerTaskHandle        0x2000'1b40     0x4  Data  Lc  timers.o [1]
xYieldPending           0x2000'1b1c     0x4  Data  Lc  tasks.o [1]


[1] = C:\Users\soren\Desktop\Bare-Metal-STM32L058\10. freeRTOS\EWARM\Debug\Obj
[2] = dl6M_tlf.a
[3] = m6M_tl.a
[4] = rt6M_tl.a
[5] = shb_l.a

  13'228 bytes of readonly  code memory
     287 bytes of readonly  data memory
   8'124 bytes of readwrite data memory

Errors: none
Warnings: none
