###############################################################################
#
# IAR ELF Linker V8.50.6.265/W32 for ARM                  21/Dec/2020  11:56:17
# Copyright 2007-2020 IAR Systems AB.
#
#    Output file  =
#        C:\Users\soren\Desktop\Bare-Metal-STM32L058\ADC\EWARM\Debug\Exe\ADC.out
#    Map file     =
#        C:\Users\soren\Desktop\Bare-Metal-STM32L058\ADC\EWARM\Debug\List\ADC.map
#    Command line =
#        -f C:\Users\soren\AppData\Local\Temp\EW9CC2.tmp
#        (C:\Users\soren\Desktop\Bare-Metal-STM32L058\ADC\EWARM\Debug\Obj\customclock.o
#        C:\Users\soren\Desktop\Bare-Metal-STM32L058\ADC\EWARM\Debug\Obj\customdelay.o
#        C:\Users\soren\Desktop\Bare-Metal-STM32L058\ADC\EWARM\Debug\Obj\customgpio.o
#        C:\Users\soren\Desktop\Bare-Metal-STM32L058\ADC\EWARM\Debug\Obj\main.o
#        C:\Users\soren\Desktop\Bare-Metal-STM32L058\ADC\EWARM\Debug\Obj\startup_stm32l053xx.o
#        C:\Users\soren\Desktop\Bare-Metal-STM32L058\ADC\EWARM\Debug\Obj\stm32l0xx_it.o
#        C:\Users\soren\Desktop\Bare-Metal-STM32L058\ADC\EWARM\Debug\Obj\system_stm32l0xx.o
#        --no_out_extension -o
#        C:\Users\soren\Desktop\Bare-Metal-STM32L058\ADC\EWARM\Debug\Exe\ADC.out
#        --redirect _Printf=_PrintfFullNoMb --redirect _Scanf=_ScanfFullNoMb
#        --map
#        C:\Users\soren\Desktop\Bare-Metal-STM32L058\ADC\EWARM\Debug\List\ADC.map
#        --config "Z:\Program Files (x86)\IAR Systems\Embedded Workbench
#        8.4\arm\config\linker\ST\stm32l053x8.icf" --semihosting --entry
#        __iar_program_start --vfe --text_out locale)
#
###############################################################################

*******************************************************************************
*** RUNTIME MODEL ATTRIBUTES
***

CppFlavor       = *
__SystemLibrary = DLib
__dlib_version  = 6


*******************************************************************************
*** HEAP SELECTION
***

The basic heap was selected because some modules are built with
size limitations (and not runtime checking), and --advanced_heap
was not specified.


*******************************************************************************
*** PLACEMENT SUMMARY
***

"A0":  place at address 0x800'0000 { ro section .intvec };
"P1":  place in [from 0x800'0000 to 0x800'ffff] { ro };
define block CSTACK with size = 1K, alignment = 8 { };
define block HEAP with size = 2K, alignment = 8 { };
"P2":  place in [from 0x2000'0000 to 0x2000'1fff] {
          rw, block CSTACK, block HEAP };
initialize by copy { rw };

No sections matched the following patterns:

  section .eeprom  in "P3"


  Section            Kind         Address   Size  Object
  -------            ----         -------   ----  ------
"A0":                                       0xc0
  .intvec            ro code   0x800'0000   0xc0  startup_stm32l053xx.o [1]
                             - 0x800'00c0   0xc0

"P1":                                      0x512
  .text              ro code   0x800'00c0  0x104  customdelay.o [1]
  .text              ro code   0x800'01c4   0xae  I32DivModFast.o [3]
  .text              ro code   0x800'0272    0xa  stm32l0xx_it.o [1]
  .text              ro code   0x800'027c    0x2  IntDivZer.o [3]
  .text              ro code   0x800'027e    0x2  startup_stm32l053xx.o [1]
  .text              ro code   0x800'0280   0xf0  system_stm32l0xx.o [1]
  .text              ro code   0x800'0370   0x9c  customclock.o [1]
  .text              ro code   0x800'040c   0x84  customgpio.o [1]
  .text              ro code   0x800'0490   0x30  copy_init3.o [3]
  .text              ro code   0x800'04c0   0x28  data_init.o [3]
  .iar.init_table    const     0x800'04e8   0x14  - Linker created -
  .text              ro code   0x800'04fc   0x1e  cmain.o [3]
  .text              ro code   0x800'051a    0x4  low_level_init.o [2]
  .text              ro code   0x800'051e   0x18  main.o [1]
  .text              ro code   0x800'0536    0x8  exit.o [2]
  .text              ro code   0x800'053e    0x2  startup_stm32l053xx.o [1]
  .text              ro code   0x800'0540    0xa  cexit.o [3]
  .text              ro code   0x800'054a    0x2  startup_stm32l053xx.o [1]
  .text              ro code   0x800'054c   0x14  exit.o [4]
  .rodata            const     0x800'0560   0x10  system_stm32l0xx.o [1]
  .text              ro code   0x800'0570   0x10  startup_stm32l053xx.o [1]
  .rodata            const     0x800'0580    0xc  system_stm32l0xx.o [1]
  .text              ro code   0x800'058c    0xc  cstartup_M.o [3]
  Initializer bytes  const     0x800'0598    0x8  <for P2-1>
  .text              ro code   0x800'05a0    0x2  startup_stm32l053xx.o [1]
  .text              ro code   0x800'05a2    0x2  startup_stm32l053xx.o [1]
  .text              ro code   0x800'05a4    0x2  startup_stm32l053xx.o [1]
  .text              ro code   0x800'05a6    0x2  startup_stm32l053xx.o [1]
  .text              ro code   0x800'05a8    0x2  startup_stm32l053xx.o [1]
  .text              ro code   0x800'05aa    0x2  startup_stm32l053xx.o [1]
  .text              ro code   0x800'05ac    0x2  startup_stm32l053xx.o [1]
  .text              ro code   0x800'05ae    0x2  startup_stm32l053xx.o [1]
  .text              ro code   0x800'05b0    0x2  startup_stm32l053xx.o [1]
  .text              ro code   0x800'05b2    0x2  startup_stm32l053xx.o [1]
  .text              ro code   0x800'05b4    0x2  startup_stm32l053xx.o [1]
  .text              ro code   0x800'05b6    0x2  startup_stm32l053xx.o [1]
  .text              ro code   0x800'05b8    0x2  startup_stm32l053xx.o [1]
  .text              ro code   0x800'05ba    0x2  startup_stm32l053xx.o [1]
  .text              ro code   0x800'05bc    0x2  startup_stm32l053xx.o [1]
  .text              ro code   0x800'05be    0x2  startup_stm32l053xx.o [1]
  .text              ro code   0x800'05c0    0x2  startup_stm32l053xx.o [1]
  .text              ro code   0x800'05c2    0x2  startup_stm32l053xx.o [1]
  .text              ro code   0x800'05c4    0x2  startup_stm32l053xx.o [1]
  .text              ro code   0x800'05c6    0x2  startup_stm32l053xx.o [1]
  .text              ro code   0x800'05c8    0x2  startup_stm32l053xx.o [1]
  .text              ro code   0x800'05ca    0x2  startup_stm32l053xx.o [1]
  .text              ro code   0x800'05cc    0x2  startup_stm32l053xx.o [1]
  .text              ro code   0x800'05ce    0x2  startup_stm32l053xx.o [1]
  .text              ro code   0x800'05d0    0x2  startup_stm32l053xx.o [1]
  .rodata            const     0x800'05d2    0x0  copy_init3.o [3]
                             - 0x800'05d2  0x512

"P2", part 1 of 2:                           0x8
  P2-1                        0x2000'0000    0x8  <Init block>
    .data            inited   0x2000'0000    0x4  system_stm32l0xx.o [1]
    .bss             inited   0x2000'0004    0x4  customdelay.o [1]
                            - 0x2000'0008    0x8

"P2", part 2 of 2:                         0x400
  CSTACK                      0x2000'0008  0x400  <Block>
    CSTACK           uninit   0x2000'0008  0x400  <Block tail>
                            - 0x2000'0408  0x400

Unused ranges:

         From           To    Size
         ----           --    ----
   0x800'05d2   0x800'ffff  0xfa2e
  0x2000'0408  0x2000'1fff  0x1bf8


*******************************************************************************
*** INIT TABLE
***

          Address      Size
          -------      ----
Copy (__iar_copy_init3)
    1 source range, total size 0x8:
           0x800'0598   0x8
    1 destination range, total size 0x8:
          0x2000'0000   0x8



*******************************************************************************
*** MODULE SUMMARY
***

    Module                 ro code  ro data  rw data
    ------                 -------  -------  -------
command line/config:
    ------------------------------------------------
    Total:

C:\Users\soren\Desktop\Bare-Metal-STM32L058\ADC\EWARM\Debug\Obj: [1]
    customclock.o              156
    customdelay.o              260        4        4
    customgpio.o               132
    main.o                      24
    startup_stm32l053xx.o      264
    stm32l0xx_it.o              10
    system_stm32l0xx.o         240       32        4
    ------------------------------------------------
    Total:                   1'086       36        8

dl6M_tln.a: [2]
    exit.o                       8
    low_level_init.o             4
    ------------------------------------------------
    Total:                      12

rt6M_tl.a: [3]
    I32DivModFast.o            174
    IntDivZer.o                  2
    cexit.o                     10
    cmain.o                     30
    copy_init3.o                48
    cstartup_M.o                12
    data_init.o                 40
    ------------------------------------------------
    Total:                     316

shb_l.a: [4]
    exit.o                      20
    ------------------------------------------------
    Total:                      20

    Linker created                       20    1'024
----------------------------------------------------
    Grand Total:             1'434       56    1'032


*******************************************************************************
*** ENTRY LIST
***

Entry                       Address  Size  Type      Object
-----                       -------  ----  ----      ------
.iar.init_table$$Base    0x800'04e8         --   Gb  - Linker created -
.iar.init_table$$Limit   0x800'04fc         --   Gb  - Linker created -
?main                    0x800'04fd        Code  Gb  cmain.o [3]
AHBPrescTable            0x800'0560  0x10  Data  Gb  system_stm32l0xx.o [1]
CSTACK$$Base            0x2000'0008         --   Gb  - Linker created -
CSTACK$$Limit           0x2000'0408         --   Gb  - Linker created -
HardFault_Handler        0x800'0275   0x4  Code  Gb  stm32l0xx_it.o [1]
NMI_Handler              0x800'0273   0x2  Code  Gb  stm32l0xx_it.o [1]
NVIC_SetPriority         0x800'00c1  0x8a  Code  Lc  customdelay.o [1]
PLLMulTable              0x800'0580   0xc  Data  Gb  system_stm32l0xx.o [1]
PendSV_Handler           0x800'027b   0x2  Code  Gb  stm32l0xx_it.o [1]
Region$$Table$$Base      0x800'04e8         --   Gb  - Linker created -
Region$$Table$$Limit     0x800'04fc         --   Gb  - Linker created -
SVC_Handler              0x800'0279   0x2  Code  Gb  stm32l0xx_it.o [1]
SysTick_Config           0x800'014b  0x30  Code  Lc  customdelay.o [1]
SysTick_Handler          0x800'019f   0xa  Code  Gb  customdelay.o [1]
SystemCoreClock         0x2000'0000   0x4  Data  Gb  system_stm32l0xx.o [1]
SystemCoreClockUpdate    0x800'0283  0xca  Code  Gb  system_stm32l0xx.o [1]
SystemInit               0x800'0281   0x2  Code  Gb  system_stm32l0xx.o [1]
Tick                    0x2000'0004   0x4  Data  Lc  customdelay.o [1]
__aeabi_idiv0            0x800'027d        Code  Gb  IntDivZer.o [3]
__aeabi_uidiv            0x800'01c5        Code  Gb  I32DivModFast.o [3]
__aeabi_uidivmod         0x800'01c5        Code  Gb  I32DivModFast.o [3]
__cmain                  0x800'04fd        Code  Gb  cmain.o [3]
__exit                   0x800'054d  0x14  Code  Gb  exit.o [4]
__iar_copy_init3         0x800'0491  0x30  Code  Gb  copy_init3.o [3]
__iar_data_init3         0x800'04c1  0x28  Code  Gb  data_init.o [3]
__iar_program_start      0x800'058d        Code  Gb  cstartup_M.o [3]
__low_level_init         0x800'051b   0x4  Code  Gb  low_level_init.o [2]
__vector_table           0x800'0000        Data  Gb  startup_stm32l053xx.o [1]
_call_main               0x800'0509        Code  Gb  cmain.o [3]
_exit                    0x800'0541        Code  Gb  cexit.o [3]
_main                    0x800'0517        Code  Gb  cmain.o [3]
customClock_init         0x800'0371  0x9c  Code  Gb  customclock.o [1]
customDelay              0x800'018f  0x10  Code  Gb  customdelay.o [1]
customDelay_init         0x800'017b  0x14  Code  Gb  customdelay.o [1]
customGPIO_init          0x800'040d  0x50  Code  Gb  customgpio.o [1]
exit                     0x800'0537   0x8  Code  Gb  exit.o [2]
main                     0x800'051f  0x18  Code  Gb  main.o [1]
toggleLED2               0x800'045d  0x16  Code  Gb  customgpio.o [1]


[1] = C:\Users\soren\Desktop\Bare-Metal-STM32L058\ADC\EWARM\Debug\Obj
[2] = dl6M_tln.a
[3] = rt6M_tl.a
[4] = shb_l.a

  1'434 bytes of readonly  code memory
     56 bytes of readonly  data memory
  1'032 bytes of readwrite data memory

Errors: none
Warnings: none
