###############################################################################
#
# IAR ELF Linker V8.50.6.265/W32 for ARM                  15/Jan/2021  14:26:43
# Copyright 2007-2020 IAR Systems AB.
#
#    Output file  =
#        C:\Users\soren\Desktop\Bare-Metal-STM32L058\6_BottomLED_EXTI -
#        ongoing\EWARM\Debug\Exe\BottomEXTI.out
#    Map file     =
#        C:\Users\soren\Desktop\Bare-Metal-STM32L058\6_BottomLED_EXTI -
#        ongoing\EWARM\Debug\List\BottomEXTI.map
#    Command line =
#        -f C:\Users\soren\AppData\Local\Temp\EW409D.tmp
#        ("C:\Users\soren\Desktop\Bare-Metal-STM32L058\6_BottomLED_EXTI -
#        ongoing\EWARM\Debug\Obj\customclock.o"
#        "C:\Users\soren\Desktop\Bare-Metal-STM32L058\6_BottomLED_EXTI -
#        ongoing\EWARM\Debug\Obj\customdelay.o"
#        "C:\Users\soren\Desktop\Bare-Metal-STM32L058\6_BottomLED_EXTI -
#        ongoing\EWARM\Debug\Obj\customgpio.o"
#        "C:\Users\soren\Desktop\Bare-Metal-STM32L058\6_BottomLED_EXTI -
#        ongoing\EWARM\Debug\Obj\main.o"
#        "C:\Users\soren\Desktop\Bare-Metal-STM32L058\6_BottomLED_EXTI -
#        ongoing\EWARM\Debug\Obj\startup_stm32l053xx.o"
#        "C:\Users\soren\Desktop\Bare-Metal-STM32L058\6_BottomLED_EXTI -
#        ongoing\EWARM\Debug\Obj\stm32l0xx_it.o"
#        "C:\Users\soren\Desktop\Bare-Metal-STM32L058\6_BottomLED_EXTI -
#        ongoing\EWARM\Debug\Obj\system_stm32l0xx.o" --no_out_extension -o
#        "C:\Users\soren\Desktop\Bare-Metal-STM32L058\6_BottomLED_EXTI -
#        ongoing\EWARM\Debug\Exe\BottomEXTI.out" --redirect
#        _Printf=_PrintfFullNoMb --redirect _Scanf=_ScanfFullNoMb --map
#        "C:\Users\soren\Desktop\Bare-Metal-STM32L058\6_BottomLED_EXTI -
#        ongoing\EWARM\Debug\List\BottomEXTI.map" --config "Z:\Program Files
#        (x86)\IAR Systems\Embedded Workbench
#        8.4\arm\config\linker\ST\stm32l053x8.icf" --semihosting --entry
#        __iar_program_start --vfe --text_out locale)
#
###############################################################################

*******************************************************************************
*** RUNTIME MODEL ATTRIBUTES
***

CppFlavor       = *
__SystemLibrary = DLib
__dlib_version  = 6


*******************************************************************************
*** HEAP SELECTION
***

The basic heap was selected because some modules are built with
size limitations (and not runtime checking), and --advanced_heap
was not specified.


*******************************************************************************
*** PLACEMENT SUMMARY
***

"A0":  place at address 0x800'0000 { ro section .intvec };
"P1":  place in [from 0x800'0000 to 0x800'ffff] { ro };
define block CSTACK with size = 1K, alignment = 8 { };
define block HEAP with size = 2K, alignment = 8 { };
"P2":  place in [from 0x2000'0000 to 0x2000'1fff] {
          rw, block CSTACK, block HEAP };
initialize by copy { rw };

No sections matched the following patterns:

  section .eeprom  in "P3"


  Section            Kind         Address   Size  Object
  -------            ----         -------   ----  ------
"A0":                                       0xc0
  .intvec            ro code   0x800'0000   0xc0  startup_stm32l053xx.o [1]
                             - 0x800'00c0   0xc0

"P1":                                      0x6dc
  .text              ro code   0x800'00c0  0x170  main.o [1]
  .text              ro code   0x800'0230   0x94  customclock.o [1]
  .text              ro code   0x800'02c4   0xf0  system_stm32l0xx.o [1]
  .text              ro code   0x800'03b4   0xae  I32DivModFast.o [3]
  .text              ro code   0x800'0462    0xa  stm32l0xx_it.o [1]
  .text              ro code   0x800'046c  0x110  customgpio.o [1]
  .text              ro code   0x800'057c   0xf4  customdelay.o [1]
  .text              ro code   0x800'0670    0x2  IntDivZer.o [3]
  .text              ro code   0x800'0672   0x30  copy_init3.o [3]
  .text              ro code   0x800'06a2    0x2  startup_stm32l053xx.o [1]
  .text              ro code   0x800'06a4   0x28  data_init.o [3]
  .iar.init_table    const     0x800'06cc   0x14  - Linker created -
  .text              ro code   0x800'06e0   0x1e  cmain.o [3]
  .text              ro code   0x800'06fe    0x4  low_level_init.o [2]
  .text              ro code   0x800'0702    0x8  exit.o [2]
  .text              ro code   0x800'070a    0x2  startup_stm32l053xx.o [1]
  .text              ro code   0x800'070c    0xa  cexit.o [3]
  .text              ro code   0x800'0716    0x2  startup_stm32l053xx.o [1]
  .text              ro code   0x800'0718   0x14  exit.o [4]
  .rodata            const     0x800'072c   0x10  system_stm32l0xx.o [1]
  .text              ro code   0x800'073c   0x10  startup_stm32l053xx.o [1]
  .rodata            const     0x800'074c    0xc  system_stm32l0xx.o [1]
  .text              ro code   0x800'0758    0xc  cstartup_M.o [3]
  Initializer bytes  const     0x800'0764    0x8  <for P2-1>
  .text              ro code   0x800'076c    0x2  startup_stm32l053xx.o [1]
  .text              ro code   0x800'076e    0x2  startup_stm32l053xx.o [1]
  .text              ro code   0x800'0770    0x2  startup_stm32l053xx.o [1]
  .text              ro code   0x800'0772    0x2  startup_stm32l053xx.o [1]
  .text              ro code   0x800'0774    0x2  startup_stm32l053xx.o [1]
  .text              ro code   0x800'0776    0x2  startup_stm32l053xx.o [1]
  .text              ro code   0x800'0778    0x2  startup_stm32l053xx.o [1]
  .text              ro code   0x800'077a    0x2  startup_stm32l053xx.o [1]
  .text              ro code   0x800'077c    0x2  startup_stm32l053xx.o [1]
  .text              ro code   0x800'077e    0x2  startup_stm32l053xx.o [1]
  .text              ro code   0x800'0780    0x2  startup_stm32l053xx.o [1]
  .text              ro code   0x800'0782    0x2  startup_stm32l053xx.o [1]
  .text              ro code   0x800'0784    0x2  startup_stm32l053xx.o [1]
  .text              ro code   0x800'0786    0x2  startup_stm32l053xx.o [1]
  .text              ro code   0x800'0788    0x2  startup_stm32l053xx.o [1]
  .text              ro code   0x800'078a    0x2  startup_stm32l053xx.o [1]
  .text              ro code   0x800'078c    0x2  startup_stm32l053xx.o [1]
  .text              ro code   0x800'078e    0x2  startup_stm32l053xx.o [1]
  .text              ro code   0x800'0790    0x2  startup_stm32l053xx.o [1]
  .text              ro code   0x800'0792    0x2  startup_stm32l053xx.o [1]
  .text              ro code   0x800'0794    0x2  startup_stm32l053xx.o [1]
  .text              ro code   0x800'0796    0x2  startup_stm32l053xx.o [1]
  .text              ro code   0x800'0798    0x2  startup_stm32l053xx.o [1]
  .text              ro code   0x800'079a    0x2  startup_stm32l053xx.o [1]
  .rodata            const     0x800'079c    0x0  copy_init3.o [3]
                             - 0x800'079c  0x6dc

"P2", part 1 of 2:                           0x8
  P2-1                        0x2000'0000    0x8  <Init block>
    .data            inited   0x2000'0000    0x4  system_stm32l0xx.o [1]
    .bss             inited   0x2000'0004    0x4  customdelay.o [1]
                            - 0x2000'0008    0x8

"P2", part 2 of 2:                         0x400
  CSTACK                      0x2000'0008  0x400  <Block>
    CSTACK           uninit   0x2000'0008  0x400  <Block tail>
                            - 0x2000'0408  0x400

Unused ranges:

         From           To    Size
         ----           --    ----
   0x800'079c   0x800'ffff  0xf864
  0x2000'0408  0x2000'1fff  0x1bf8


*******************************************************************************
*** INIT TABLE
***

          Address      Size
          -------      ----
Copy (__iar_copy_init3)
    1 source range, total size 0x8:
           0x800'0764   0x8
    1 destination range, total size 0x8:
          0x2000'0000   0x8



*******************************************************************************
*** MODULE SUMMARY
***

    Module                 ro code  ro data  rw data
    ------                 -------  -------  -------
command line/config:
    ------------------------------------------------
    Total:

C:\Users\soren\Desktop\Bare-Metal-STM32L058\6_BottomLED_EXTI - ongoing\EWARM\Debug\Obj: [1]
    customclock.o              148
    customdelay.o              244        4        4
    customgpio.o               272
    main.o                     368
    startup_stm32l053xx.o      262
    stm32l0xx_it.o              10
    system_stm32l0xx.o         240       32        4
    ------------------------------------------------
    Total:                   1'544       36        8

dl6M_tln.a: [2]
    exit.o                       8
    low_level_init.o             4
    ------------------------------------------------
    Total:                      12

rt6M_tl.a: [3]
    I32DivModFast.o            174
    IntDivZer.o                  2
    cexit.o                     10
    cmain.o                     30
    copy_init3.o                48
    cstartup_M.o                12
    data_init.o                 40
    ------------------------------------------------
    Total:                     316

shb_l.a: [4]
    exit.o                      20
    ------------------------------------------------
    Total:                      20

    Linker created                       20    1'024
----------------------------------------------------
    Grand Total:             1'892       56    1'032


*******************************************************************************
*** ENTRY LIST
***

Entry                       Address  Size  Type      Object
-----                       -------  ----  ----      ------
.iar.init_table$$Base    0x800'06cc         --   Gb  - Linker created -
.iar.init_table$$Limit   0x800'06e0         --   Gb  - Linker created -
?main                    0x800'06e1        Code  Gb  cmain.o [3]
AHBPrescTable            0x800'072c  0x10  Data  Gb  system_stm32l0xx.o [1]
CSTACK$$Base            0x2000'0008         --   Gb  - Linker created -
CSTACK$$Limit           0x2000'0408         --   Gb  - Linker created -
EXTI4_15_IRQHandler      0x800'01e3  0x1c  Code  Gb  main.o [1]
HardFault_Handler        0x800'0465   0x4  Code  Gb  stm32l0xx_it.o [1]
NMI_Handler              0x800'0463   0x2  Code  Gb  stm32l0xx_it.o [1]
NVIC_EnableIRQ           0x800'00c1   0xe  Code  Lc  main.o [1]
NVIC_SetPriority         0x800'057d  0x8a  Code  Lc  customdelay.o [1]
NVIC_SetPriority         0x800'00cf  0x8a  Code  Lc  main.o [1]
PLLMulTable              0x800'074c   0xc  Data  Gb  system_stm32l0xx.o [1]
PendSV_Handler           0x800'046b   0x2  Code  Gb  stm32l0xx_it.o [1]
Region$$Table$$Base      0x800'06cc         --   Gb  - Linker created -
Region$$Table$$Limit     0x800'06e0         --   Gb  - Linker created -
SVC_Handler              0x800'0469   0x2  Code  Gb  stm32l0xx_it.o [1]
SysTick_Config           0x800'0607  0x30  Code  Lc  customdelay.o [1]
SysTick_Config           0x800'0159  0x30  Code  Lc  main.o [1]
SysTick_Handler          0x800'064b   0xa  Code  Gb  customdelay.o [1]
SystemCoreClock         0x2000'0000   0x4  Data  Gb  system_stm32l0xx.o [1]
SystemCoreClockUpdate    0x800'02c7  0xca  Code  Gb  system_stm32l0xx.o [1]
SystemInit               0x800'02c5   0x2  Code  Gb  system_stm32l0xx.o [1]
Tick                    0x2000'0004   0x4  Data  Lc  customdelay.o [1]
__aeabi_idiv0            0x800'0671        Code  Gb  IntDivZer.o [3]
__aeabi_uidiv            0x800'03b5        Code  Gb  I32DivModFast.o [3]
__aeabi_uidivmod         0x800'03b5        Code  Gb  I32DivModFast.o [3]
__cmain                  0x800'06e1        Code  Gb  cmain.o [3]
__exit                   0x800'0719  0x14  Code  Gb  exit.o [4]
__iar_copy_init3         0x800'0673  0x30  Code  Gb  copy_init3.o [3]
__iar_data_init3         0x800'06a5  0x28  Code  Gb  data_init.o [3]
__iar_program_start      0x800'0759        Code  Gb  cstartup_M.o [3]
__low_level_init         0x800'06ff   0x4  Code  Gb  low_level_init.o [2]
__vector_table           0x800'0000        Data  Gb  startup_stm32l053xx.o [1]
_call_main               0x800'06ed        Code  Gb  cmain.o [3]
_exit                    0x800'070d        Code  Gb  cexit.o [3]
_main                    0x800'06fb        Code  Gb  cmain.o [3]
customClock_init         0x800'0231  0x94  Code  Gb  customclock.o [1]
customDelay_init         0x800'0637  0x14  Code  Gb  customdelay.o [1]
customGPIO_init          0x800'046d  0xcc  Code  Gb  customgpio.o [1]
exit                     0x800'0703   0x8  Code  Gb  exit.o [2]
main                     0x800'0189  0x5a  Code  Gb  main.o [1]
toggleLED2               0x800'0539   0xc  Code  Gb  customgpio.o [1]


[1] = C:\Users\soren\Desktop\Bare-Metal-STM32L058\6_BottomLED_EXTI - ongoing\EWARM\Debug\Obj
[2] = dl6M_tln.a
[3] = rt6M_tl.a
[4] = shb_l.a

  1'892 bytes of readonly  code memory
     56 bytes of readonly  data memory
  1'032 bytes of readwrite data memory

Errors: none
Warnings: none
