###############################################################################
#
# IAR ELF Linker V8.50.6.265/W32 for ARM                  22/Mar/2021  13:45:41
# Copyright 2007-2020 IAR Systems AB.
#
#    Output file  =
#        C:\Users\dkkospnd\OneDrive - Alfa
#        Laval\Desktop\Bare-Metal-STM32L058\9_LCD16x2_4bit -
#        ongoing\EWARM\Debug\Exe\LCD.out
#    Map file     =
#        C:\Users\dkkospnd\OneDrive - Alfa
#        Laval\Desktop\Bare-Metal-STM32L058\9_LCD16x2_4bit -
#        ongoing\EWARM\Debug\List\LCD.map
#    Command line =
#        -f C:\Users\dkkospnd\AppData\Local\Temp\EWDFD1.tmp
#        ("C:\Users\dkkospnd\OneDrive - Alfa
#        Laval\Desktop\Bare-Metal-STM32L058\9_LCD16x2_4bit -
#        ongoing\EWARM\Debug\Obj\customclock.o" "C:\Users\dkkospnd\OneDrive -
#        Alfa Laval\Desktop\Bare-Metal-STM32L058\9_LCD16x2_4bit -
#        ongoing\EWARM\Debug\Obj\customdelay.o" "C:\Users\dkkospnd\OneDrive -
#        Alfa Laval\Desktop\Bare-Metal-STM32L058\9_LCD16x2_4bit -
#        ongoing\EWARM\Debug\Obj\customgpio.o" "C:\Users\dkkospnd\OneDrive -
#        Alfa Laval\Desktop\Bare-Metal-STM32L058\9_LCD16x2_4bit -
#        ongoing\EWARM\Debug\Obj\customuart.o" "C:\Users\dkkospnd\OneDrive -
#        Alfa Laval\Desktop\Bare-Metal-STM32L058\9_LCD16x2_4bit -
#        ongoing\EWARM\Debug\Obj\main.o" "C:\Users\dkkospnd\OneDrive - Alfa
#        Laval\Desktop\Bare-Metal-STM32L058\9_LCD16x2_4bit -
#        ongoing\EWARM\Debug\Obj\stm32l0xx_it.o" "C:\Users\dkkospnd\OneDrive -
#        Alfa Laval\Desktop\Bare-Metal-STM32L058\9_LCD16x2_4bit -
#        ongoing\EWARM\Debug\Obj\system_stm32l0xx.o" --no_out_extension -o
#        "C:\Users\dkkospnd\OneDrive - Alfa
#        Laval\Desktop\Bare-Metal-STM32L058\9_LCD16x2_4bit -
#        ongoing\EWARM\Debug\Exe\LCD.out" --redirect _Printf=_PrintfFullNoMb
#        --redirect _Scanf=_ScanfFullNoMb --map "C:\Users\dkkospnd\OneDrive -
#        Alfa Laval\Desktop\Bare-Metal-STM32L058\9_LCD16x2_4bit -
#        ongoing\EWARM\Debug\List\LCD.map" --config "C:\Program Files (x86)\IAR
#        Systems\Embedded Workbench 8.4\arm\config\linker\ST\stm32l053x8.icf"
#        --semihosting --entry __iar_program_start --vfe --text_out locale)
#
###############################################################################

*******************************************************************************
*** RUNTIME MODEL ATTRIBUTES
***

CppFlavor       = *
__SystemLibrary = DLib
__dlib_version  = 6


*******************************************************************************
*** HEAP SELECTION
***

The basic heap was selected because some modules are built with
size limitations (and not runtime checking), and --advanced_heap
was not specified.


*******************************************************************************
*** PLACEMENT SUMMARY
***

"A0":  place at address 0x800'0000 { ro section .intvec };
"P1":  place in [from 0x800'0000 to 0x800'ffff] { ro };
define block CSTACK with size = 1K, alignment = 8 { };
define block HEAP with size = 2K, alignment = 8 { };
"P2":  place in [from 0x2000'0000 to 0x2000'1fff] {
          rw, block CSTACK, block HEAP };
initialize by copy { rw };

No sections matched the following patterns:

  section .eeprom  in "P3"


  Section            Kind         Address   Size  Object
  -------            ----         -------   ----  ------
"A0":                                       0x40
  .intvec            ro code   0x800'0000   0x40  vector_table_M.o [3]
                             - 0x800'0040   0x40

"P1":                                      0x85c
  .text              ro code   0x800'0040  0x24e  main.o [1]
  .text              ro code   0x800'028e    0xa  stm32l0xx_it.o [1]
  .text              ro code   0x800'0298   0x94  customclock.o [1]
  .text              ro code   0x800'032c   0xf0  system_stm32l0xx.o [1]
  .text              ro code   0x800'041c   0xae  I32DivModFast.o [3]
  .text              ro code   0x800'04ca    0x2  vector_table_M.o [3]
  .text              ro code   0x800'04cc  0x1e0  customgpio.o [1]
  .text              ro code   0x800'06ac  0x104  customdelay.o [1]
  .text              ro code   0x800'07b0    0x2  IntDivZer.o [3]
  .text              ro code   0x800'07b2   0x30  copy_init3.o [3]
  .text              ro code   0x800'07e4   0x28  data_init.o [3]
  .iar.init_table    const     0x800'080c   0x14  - Linker created -
  .text              ro code   0x800'0820   0x1e  cmain.o [3]
  .text              ro code   0x800'083e    0x4  low_level_init.o [2]
  .text              ro code   0x800'0842    0x8  exit.o [2]
  .text              ro code   0x800'084c    0xa  cexit.o [3]
  .text              ro code   0x800'0858   0x14  exit.o [4]
  .rodata            const     0x800'086c   0x10  system_stm32l0xx.o [1]
  .rodata            const     0x800'087c    0xc  system_stm32l0xx.o [1]
  .text              ro code   0x800'0888    0xc  cstartup_M.o [3]
  Initializer bytes  const     0x800'0894    0x8  <for P2-1>
  .rodata            const     0x800'089c    0x0  copy_init3.o [3]
                             - 0x800'089c  0x85c

"P2", part 1 of 2:                           0x8
  P2-1                        0x2000'0000    0x8  <Init block>
    .data            inited   0x2000'0000    0x4  system_stm32l0xx.o [1]
    .bss             inited   0x2000'0004    0x4  customdelay.o [1]
                            - 0x2000'0008    0x8

"P2", part 2 of 2:                         0x400
  CSTACK                      0x2000'0008  0x400  <Block>
    CSTACK           uninit   0x2000'0008  0x400  <Block tail>
                            - 0x2000'0408  0x400

Unused ranges:

         From           To    Size
         ----           --    ----
   0x800'089c   0x800'ffff  0xf764
  0x2000'0408  0x2000'1fff  0x1bf8


*******************************************************************************
*** INIT TABLE
***

          Address      Size
          -------      ----
Copy (__iar_copy_init3)
    1 source range, total size 0x8:
           0x800'0894   0x8
    1 destination range, total size 0x8:
          0x2000'0000   0x8



*******************************************************************************
*** MODULE SUMMARY
***

    Module              ro code  ro data  rw data
    ------              -------  -------  -------
command line/config:
    ---------------------------------------------
    Total:

C:\Users\dkkospnd\OneDrive - Alfa Laval\Desktop\Bare-Metal-STM32L058\9_LCD16x2_4bit - ongoing\EWARM\Debug\Obj: [1]
    customclock.o           148
    customdelay.o           260        4        4
    customgpio.o            480
    main.o                  590
    stm32l0xx_it.o           10
    system_stm32l0xx.o      240       32        4
    ---------------------------------------------
    Total:                1'728       36        8

dl6M_tlf.a: [2]
    exit.o                    8
    low_level_init.o          4
    ---------------------------------------------
    Total:                   12

rt6M_tl.a: [3]
    I32DivModFast.o         174
    IntDivZer.o               2
    cexit.o                  10
    cmain.o                  30
    copy_init3.o             48
    cstartup_M.o             12
    data_init.o              40
    vector_table_M.o         66
    ---------------------------------------------
    Total:                  382

shb_l.a: [4]
    exit.o                   20
    ---------------------------------------------
    Total:                   20

    Gaps                      6
    Linker created                    20    1'024
-------------------------------------------------
    Grand Total:          2'148       56    1'032


*******************************************************************************
*** ENTRY LIST
***

Entry                       Address   Size  Type      Object
-----                       -------   ----  ----      ------
.iar.init_table$$Base    0x800'080c          --   Gb  - Linker created -
.iar.init_table$$Limit   0x800'0820          --   Gb  - Linker created -
?main                    0x800'0821         Code  Gb  cmain.o [3]
AHBPrescTable            0x800'086c   0x10  Data  Gb  system_stm32l0xx.o [1]
CSTACK$$Base            0x2000'0008          --   Gb  - Linker created -
CSTACK$$Limit           0x2000'0408          --   Gb  - Linker created -
HardFault_Handler        0x800'0291    0x4  Code  Gb  stm32l0xx_it.o [1]
LCD_GPIO                 0x800'023b   0x1e  Code  Gb  main.o [1]
LCD_Init                 0x800'0123  0x118  Code  Gb  main.o [1]
NMI_Handler              0x800'028f    0x2  Code  Gb  stm32l0xx_it.o [1]
NVIC_SetPriority         0x800'06ad   0x8a  Code  Lc  customdelay.o [1]
NVIC_SetPriority         0x800'0041   0x8a  Code  Lc  main.o [1]
PLLMulTable              0x800'087c    0xc  Data  Gb  system_stm32l0xx.o [1]
PendSV_Handler           0x800'0297    0x2  Code  Gb  stm32l0xx_it.o [1]
Region$$Table$$Base      0x800'080c          --   Gb  - Linker created -
Region$$Table$$Limit     0x800'0820          --   Gb  - Linker created -
SVC_Handler              0x800'0295    0x2  Code  Gb  stm32l0xx_it.o [1]
SysTick_Config           0x800'0737   0x30  Code  Lc  customdelay.o [1]
SysTick_Config           0x800'00cb   0x30  Code  Lc  main.o [1]
SysTick_Handler          0x800'078b    0xa  Code  Gb  customdelay.o [1]
SystemCoreClock         0x2000'0000    0x4  Data  Gb  system_stm32l0xx.o [1]
SystemCoreClockUpdate    0x800'032d   0xca  Code  Gb  system_stm32l0xx.o [1]
Tick                    0x2000'0004    0x4  Data  Lc  customdelay.o [1]
__aeabi_idiv0            0x800'07b1         Code  Gb  IntDivZer.o [3]
__aeabi_uidiv            0x800'041d         Code  Gb  I32DivModFast.o [3]
__aeabi_uidivmod         0x800'041d         Code  Gb  I32DivModFast.o [3]
__cmain                  0x800'0821         Code  Gb  cmain.o [3]
__exit                   0x800'0859   0x14  Code  Gb  exit.o [4]
__iar_copy_init3         0x800'07b3   0x30  Code  Gb  copy_init3.o [3]
__iar_data_init3         0x800'07e5   0x28  Code  Gb  data_init.o [3]
__iar_program_start      0x800'0889         Code  Gb  cstartup_M.o [3]
__low_level_init         0x800'083f    0x4  Code  Gb  low_level_init.o [2]
__vector_table           0x800'0000         Data  Gb  vector_table_M.o [3]
_call_main               0x800'082d         Code  Gb  cmain.o [3]
_exit                    0x800'084d         Code  Gb  cexit.o [3]
_main                    0x800'083b         Code  Gb  cmain.o [3]
customClock_init         0x800'0299   0x94  Code  Gb  customclock.o [1]
customDelay              0x800'077b   0x10  Code  Gb  customdelay.o [1]
customDelay_init         0x800'0767   0x14  Code  Gb  customdelay.o [1]
customGPIO_init          0x800'04cd  0x19a  Code  Gb  customgpio.o [1]
exit                     0x800'0843    0x8  Code  Gb  exit.o [2]
main                     0x800'00fb   0x28  Code  Gb  main.o [1]
pulse                    0x800'0275   0x1a  Code  Gb  main.o [1]


[1] = C:\Users\dkkospnd\OneDrive - Alfa Laval\Desktop\Bare-Metal-STM32L058\9_LCD16x2_4bit - ongoing\EWARM\Debug\Obj
[2] = dl6M_tlf.a
[3] = rt6M_tl.a
[4] = shb_l.a

  2'148 bytes of readonly  code memory
     56 bytes of readonly  data memory
  1'032 bytes of readwrite data memory

Errors: none
Warnings: none
