###############################################################################
#
# IAR ELF Linker V8.50.6.265/W32 for ARM                  31/Mar/2021  09:21:34
# Copyright 2007-2020 IAR Systems AB.
#
#    Output file  =
#        C:\Users\dkkospnd\OneDrive - Alfa
#        Laval\Desktop\Bare-Metal-STM32L058\9_LCD16x2_4bit\EWARM\Debug\Exe\LCD.out
#    Map file     =
#        C:\Users\dkkospnd\OneDrive - Alfa
#        Laval\Desktop\Bare-Metal-STM32L058\9_LCD16x2_4bit\EWARM\Debug\List\LCD.map
#    Command line =
#        -f C:\Users\dkkospnd\AppData\Local\Temp\EW3666.tmp
#        ("C:\Users\dkkospnd\OneDrive - Alfa
#        Laval\Desktop\Bare-Metal-STM32L058\9_LCD16x2_4bit\EWARM\Debug\Obj\customclock.o"
#        "C:\Users\dkkospnd\OneDrive - Alfa
#        Laval\Desktop\Bare-Metal-STM32L058\9_LCD16x2_4bit\EWARM\Debug\Obj\customdelay.o"
#        "C:\Users\dkkospnd\OneDrive - Alfa
#        Laval\Desktop\Bare-Metal-STM32L058\9_LCD16x2_4bit\EWARM\Debug\Obj\customgpio.o"
#        "C:\Users\dkkospnd\OneDrive - Alfa
#        Laval\Desktop\Bare-Metal-STM32L058\9_LCD16x2_4bit\EWARM\Debug\Obj\customuart.o"
#        "C:\Users\dkkospnd\OneDrive - Alfa
#        Laval\Desktop\Bare-Metal-STM32L058\9_LCD16x2_4bit\EWARM\Debug\Obj\main.o"
#        "C:\Users\dkkospnd\OneDrive - Alfa
#        Laval\Desktop\Bare-Metal-STM32L058\9_LCD16x2_4bit\EWARM\Debug\Obj\stm32l0xx_it.o"
#        "C:\Users\dkkospnd\OneDrive - Alfa
#        Laval\Desktop\Bare-Metal-STM32L058\9_LCD16x2_4bit\EWARM\Debug\Obj\system_stm32l0xx.o"
#        --no_out_extension -o "C:\Users\dkkospnd\OneDrive - Alfa
#        Laval\Desktop\Bare-Metal-STM32L058\9_LCD16x2_4bit\EWARM\Debug\Exe\LCD.out"
#        --redirect _Printf=_PrintfFullNoMb --redirect _Scanf=_ScanfFullNoMb
#        --map "C:\Users\dkkospnd\OneDrive - Alfa
#        Laval\Desktop\Bare-Metal-STM32L058\9_LCD16x2_4bit\EWARM\Debug\List\LCD.map"
#        --config "C:\Program Files (x86)\IAR Systems\Embedded Workbench
#        8.4\arm\config\linker\ST\stm32l053x8.icf" --semihosting --entry
#        __iar_program_start --vfe --text_out locale)
#
###############################################################################

*******************************************************************************
*** RUNTIME MODEL ATTRIBUTES
***

CppFlavor       = *
__SystemLibrary = DLib
__dlib_version  = 6


*******************************************************************************
*** HEAP SELECTION
***

The basic heap was selected because some modules are built with
size limitations (and not runtime checking), and --advanced_heap
was not specified.


*******************************************************************************
*** PLACEMENT SUMMARY
***

"A0":  place at address 0x800'0000 { ro section .intvec };
"P1":  place in [from 0x800'0000 to 0x800'ffff] { ro };
define block CSTACK with size = 1K, alignment = 8 { };
define block HEAP with size = 2K, alignment = 8 { };
"P2":  place in [from 0x2000'0000 to 0x2000'1fff] {
          rw, block CSTACK, block HEAP };
initialize by copy { rw };

No sections matched the following patterns:

  section .eeprom  in "P3"


  Section            Kind         Address    Size  Object
  -------            ----         -------    ----  ------
"A0":                                        0x40
  .intvec            ro code   0x800'0000    0x40  vector_table_M.o [4]
                             - 0x800'0040    0x40

"P1":                                      0x2350
  .text              ro code   0x800'0040  0x1054  xprintffull_nomb.o [2]
  .text              ro code   0x800'1094    0x12  strchr.o [4]
  .text              ro code   0x800'10a6     0xa  stm32l0xx_it.o [1]
  .text              ro code   0x800'10b0    0x48  xfail_s.o [2]
  .text              ro code   0x800'10f8     0xe  strlen.o [4]
  .text              ro code   0x800'1106     0xa  xsprout.o [2]
  .text              ro code   0x800'1110    0x16  memchr.o [4]
  .rodata            const     0x800'1126     0x2  xlocale_c.o [2]
  .text              ro code   0x800'1128    0x4e  ABImemcpy.o [4]
  .text              ro code   0x800'1176    0x32  DblCmpLe.o [3]
  .text              ro code   0x800'11a8    0x32  DblCmpGe.o [3]
  .text              ro code   0x800'11da     0x2  vector_table_M.o [4]
  .text              ro code   0x800'11dc    0x52  DblToI32.o [3]
  .rodata            const     0x800'122e     0x1  xlocale_c.o [2]
  .text              ro code   0x800'1230    0x34  IxxToDbl.o [3]
  .text              ro code   0x800'1264   0x1a8  DblAddSub.o [3]
  .text              ro code   0x800'140c    0xe0  I32DivModFast.o [4]
  .text              ro code   0x800'14ec    0xc2  DblDiv.o [3]
  .text              ro code   0x800'15ae   0x184  DblMul.o [3]
  .text              ro code   0x800'1734     0xc  xlocale_c.o [2]
  .text              ro code   0x800'1740    0x6a  I64DivMod.o [4]
  .text              ro code   0x800'17aa     0xa  abort.o [2]
  .text              ro code   0x800'17b4     0x2  IntDivZer.o [4]
  .text              ro code   0x800'17b8     0x2  I64DivZer.o [4]
  .text              ro code   0x800'17bc    0x14  exit.o [5]
  .text              ro code   0x800'17d0   0x56e  main.o [1]
  .text              ro code   0x800'1d40    0x94  customclock.o [1]
  .text              ro code   0x800'1dd4    0xf0  system_stm32l0xx.o [1]
  .text              ro code   0x800'1ec4   0x1e0  customgpio.o [1]
  .text              ro code   0x800'20a4   0x104  customdelay.o [1]
  .text              ro code   0x800'21a8    0x40  sprintf.o [2]
  .rodata            const     0x800'21e8    0x6a  xprintffull_nomb.o [2]
  .text              ro code   0x800'2252    0x3c  packbits_init_single.o [4]
  .text              ro code   0x800'2290    0x28  data_init.o [4]
  .iar.init_table    const     0x800'22b8    0x10  - Linker created -
  .text              ro code   0x800'22c8    0x1e  cmain.o [4]
  .text              ro code   0x800'22e6     0x4  low_level_init.o [2]
  .text              ro code   0x800'22ea     0x8  exit.o [2]
  .text              ro code   0x800'22f4     0xa  cexit.o [4]
  .rodata            const     0x800'2300    0x10  main.o [1]
  .rodata            const     0x800'2310    0x10  system_stm32l0xx.o [1]
  .rodata            const     0x800'2320     0xc  main.o [1]
  .rodata            const     0x800'232c     0xc  system_stm32l0xx.o [1]
  .text              ro code   0x800'2338     0xc  cstartup_M.o [4]
  .rodata            const     0x800'2344     0x8  main.o [1]
  .rodata            const     0x800'234c     0x0  packbits_init_single.o [4]
  Initializer bytes  const     0x800'234c    0x44  <for P2-1>
                             - 0x800'2390  0x2350

"P2", part 1 of 2:                           0x68
  P2-1                        0x2000'0000    0x68  <Init block>
    .data            inited   0x2000'0000     0x8  main.o [1]
    .data            inited   0x2000'0008     0x8  main.o [1]
    .data            inited   0x2000'0010     0x4  system_stm32l0xx.o [1]
    .data            inited   0x2000'0014    0x38  xlocale_c.o [2]
    .bss             inited   0x2000'004c     0x4  customdelay.o [1]
    .bss             inited   0x2000'0050    0x10  main.o [1]
    .bss             inited   0x2000'0060     0x4  xfail_s.o [2]
    .bss             inited   0x2000'0064     0x2  main.o [1]
    .bss             inited   0x2000'0066     0x1  main.o [1]
    .bss             inited   0x2000'0067     0x1  main.o [1]
                            - 0x2000'0068    0x68

"P2", part 2 of 2:                          0x400
  CSTACK                      0x2000'0068   0x400  <Block>
    CSTACK           uninit   0x2000'0068   0x400  <Block tail>
                            - 0x2000'0468   0x400

Unused ranges:

         From           To    Size
         ----           --    ----
   0x800'2390   0x800'ffff  0xdc70
  0x2000'0468  0x2000'1fff  0x1b98


*******************************************************************************
*** INIT TABLE
***

          Address      Size
          -------      ----
Copy/packbits (__iar_packbits_init_single3)
    1 source range, total size 0x44 (65% of destination):
           0x800'234c  0x44
    1 destination range, total size 0x68:
          0x2000'0000  0x68



*******************************************************************************
*** MODULE SUMMARY
***

    Module                  ro code  ro data  rw data
    ------                  -------  -------  -------
command line/config:
    -------------------------------------------------
    Total:

C:\Users\dkkospnd\OneDrive - Alfa Laval\Desktop\Bare-Metal-STM32L058\9_LCD16x2_4bit\EWARM\Debug\Obj: [1]
    customclock.o               148
    customdelay.o               260        3        4
    customgpio.o                480
    main.o                    1'390       59       36
    stm32l0xx_it.o               10
    system_stm32l0xx.o          240       31        4
    -------------------------------------------------
    Total:                    2'528       93       44

dl6M_tlf.a: [2]
    abort.o                      10
    exit.o                        8
    low_level_init.o              4
    sprintf.o                    64
    xfail_s.o                    72        3        4
    xlocale_c.o                  12       39       56
    xprintffull_nomb.o        4'180      106
    xsprout.o                    10
    -------------------------------------------------
    Total:                    4'360      148       60

m6M_tl.a: [3]
    DblAddSub.o                 424
    DblCmpGe.o                   50
    DblCmpLe.o                   50
    DblDiv.o                    194
    DblMul.o                    388
    DblToI32.o                   82
    IxxToDbl.o                   52
    -------------------------------------------------
    Total:                    1'240

rt6M_tl.a: [4]
    ABImemcpy.o                  78
    I32DivModFast.o             224
    I64DivMod.o                 106
    I64DivZer.o                   2
    IntDivZer.o                   2
    cexit.o                      10
    cmain.o                      30
    cstartup_M.o                 12
    data_init.o                  40
    memchr.o                     22
    packbits_init_single.o       60
    strchr.o                     18
    strlen.o                     14
    vector_table_M.o             66
    -------------------------------------------------
    Total:                      684

shb_l.a: [5]
    exit.o                       20
    -------------------------------------------------
    Total:                       20

    Gaps                         13        2
    Linker created                        16    1'024
-----------------------------------------------------
    Grand Total:              8'845      259    1'128


*******************************************************************************
*** ENTRY LIST
***

Entry                       Address   Size  Type      Object
-----                       -------   ----  ----      ------
.iar.init_table$$Base    0x800'22b8          --   Gb  - Linker created -
.iar.init_table$$Limit   0x800'22c8          --   Gb  - Linker created -
?main                    0x800'22c9         Code  Gb  cmain.o [4]
AHBPrescTable            0x800'2310   0x10  Data  Gb  system_stm32l0xx.o [1]
CSTACK$$Base            0x2000'0068          --   Gb  - Linker created -
CSTACK$$Limit           0x2000'0468          --   Gb  - Linker created -
HardFault_Handler        0x800'10a9    0x4  Code  Gb  stm32l0xx_it.o [1]
ManFlatArms             0x2000'0000    0x8  Data  Gb  main.o [1]
ManRaiseArms            0x2000'0008    0x8  Data  Gb  main.o [1]
NMI_Handler              0x800'10a7    0x2  Code  Gb  stm32l0xx_it.o [1]
NVIC_SetPriority         0x800'20a5   0x8a  Code  Lc  customdelay.o [1]
NVIC_SetPriority         0x800'17d1   0x8a  Code  Lc  main.o [1]
PLLMulTable              0x800'232c    0xc  Data  Gb  system_stm32l0xx.o [1]
PendSV_Handler           0x800'10af    0x2  Code  Gb  stm32l0xx_it.o [1]
Region$$Table$$Base      0x800'22b8          --   Gb  - Linker created -
Region$$Table$$Limit     0x800'22c8          --   Gb  - Linker created -
SVC_Handler              0x800'10ad    0x2  Code  Gb  stm32l0xx_it.o [1]
SysTick_Config           0x800'212f   0x30  Code  Lc  customdelay.o [1]
SysTick_Config           0x800'185b   0x30  Code  Lc  main.o [1]
SysTick_Handler          0x800'2183    0xa  Code  Gb  customdelay.o [1]
SystemCoreClock         0x2000'0010    0x4  Data  Gb  system_stm32l0xx.o [1]
SystemCoreClockUpdate    0x800'1dd5   0xca  Code  Gb  system_stm32l0xx.o [1]
Tick                    0x2000'004c    0x4  Data  Lc  customdelay.o [1]
_LitobFullNoMb           0x800'0ed1  0x120  Code  Lc  xprintffull_nomb.o [2]
_Locale_lconv           0x2000'0014   0x38  Data  Lc  xlocale_c.o [2]
_PrintfFullNoMb          0x800'0041  0xe90  Code  Gb  xprintffull_nomb.o [2]
_PutcharFullNoMb         0x800'103d   0x22  Code  Lc  xprintffull_nomb.o [2]
_PutcharsFullNoMb        0x800'105f   0x36  Code  Lc  xprintffull_nomb.o [2]
_SProut                  0x800'1107    0xa  Code  Gb  xsprout.o [2]
__aeabi_cdcmple          0x800'1177         Code  Gb  DblCmpLe.o [3]
__aeabi_cdrcmple         0x800'11a9         Code  Gb  DblCmpGe.o [3]
__aeabi_d2iz             0x800'11dd         Code  Gb  DblToI32.o [3]
__aeabi_d2uiz            0x800'1201         Code  Gb  DblToI32.o [3]
__aeabi_ddiv             0x800'14ed         Code  Gb  DblDiv.o [3]
__aeabi_dmul             0x800'15af         Code  Gb  DblMul.o [3]
__aeabi_dsub             0x800'131f         Code  Gb  DblAddSub.o [3]
__aeabi_i2d              0x800'1251         Code  Gb  IxxToDbl.o [3]
__aeabi_idiv             0x800'1439         Code  Gb  I32DivModFast.o [4]
__aeabi_idiv0            0x800'17b5         Code  Gb  IntDivZer.o [4]
__aeabi_idivmod          0x800'1439         Code  Gb  I32DivModFast.o [4]
__aeabi_ldiv0            0x800'17b9         Code  Gb  I64DivZer.o [4]
__aeabi_memcpy           0x800'115d         Code  Gb  ABImemcpy.o [4]
__aeabi_memcpy4          0x800'1129         Code  Gb  ABImemcpy.o [4]
__aeabi_memcpy8          0x800'1129         Code  Gb  ABImemcpy.o [4]
__aeabi_ui2d             0x800'1231         Code  Gb  IxxToDbl.o [3]
__aeabi_uidiv            0x800'143f         Code  Gb  I32DivModFast.o [4]
__aeabi_uidivmod         0x800'143f         Code  Gb  I32DivModFast.o [4]
__aeabi_uldivmod         0x800'1741         Code  Gb  I64DivMod.o [4]
__cmain                  0x800'22c9         Code  Gb  cmain.o [4]
__exit                   0x800'17bd   0x14  Code  Gb  exit.o [5]
__iar_Fail_s             0x800'10b1   0x22  Code  Gb  xfail_s.o [2]
__iar_Memchr             0x800'1111         Code  Gb  memchr.o [4]
__iar_Memcpy             0x800'1169         Code  Gb  ABImemcpy.o [4]
__iar_Strchr             0x800'1095         Code  Gb  strchr.o [4]
__iar_d2uiz              0x800'1205         Code  Gb  DblToI32.o [3]
__iar_data_init3         0x800'2291   0x28  Code  Gb  data_init.o [4]
__iar_packbits_init_single3
                         0x800'2253   0x3c  Code  Gb  packbits_init_single.o [4]
__iar_program_start      0x800'2339         Code  Gb  cstartup_M.o [4]
__low_level_init         0x800'22e7    0x4  Code  Gb  low_level_init.o [2]
__vector_table           0x800'0000         Data  Gb  vector_table_M.o [4]
_call_main               0x800'22d5         Code  Gb  cmain.o [4]
_exit                    0x800'22f5         Code  Gb  cexit.o [4]
_main                    0x800'22e3         Code  Gb  cmain.o [4]
abort                    0x800'17ab    0xa  Code  Gb  abort.o [2]
check_placevalue_and_display
                         0x800'194d   0xa2  Code  Gb  main.o [1]
customClock_init         0x800'1d41   0x94  Code  Gb  customclock.o [1]
customDelay              0x800'2173   0x10  Code  Gb  customdelay.o [1]
customDelay_init         0x800'215f   0x14  Code  Gb  customdelay.o [1]
customGPIO_init          0x800'1ec5  0x19a  Code  Gb  customgpio.o [1]
exit                     0x800'22eb    0x8  Code  Gb  exit.o [2]
globalbuffer            0x2000'0050   0x10  Data  Lc  main.o [1]
lcd_clear_display        0x800'19f5   0x1a  Code  Gb  main.o [1]
lcd_custom_char          0x800'1a0f   0x2e  Code  Gb  main.o [1]
lcd_gpio                 0x800'1ceb   0x1e  Code  Gb  main.o [1]
lcd_init                 0x800'1a3d  0x146  Code  Gb  main.o [1]
lcd_pulse                0x800'1d25   0x1a  Code  Gb  main.o [1]
lcd_set_ddram            0x800'1c55   0x44  Code  Gb  main.o [1]
lcd_transmit             0x800'1ba5   0xa4  Code  Gb  main.o [1]
lcd_transmit::LSB       0x2000'0066    0x1  Data  Lc  main.o [1]
lcd_transmit::MSB       0x2000'0067    0x1  Data  Lc  main.o [1]
lcd_write_cmd            0x800'1c99   0x1e  Code  Gb  main.o [1]
lcd_write_data           0x800'1cb7   0x1e  Code  Gb  main.o [1]
lcd_write_string         0x800'1cd5   0x16  Code  Gb  main.o [1]
localeconv               0x800'1735    0x4  Code  Gb  xlocale_c.o [2]
main                     0x800'188b   0xc2  Code  Gb  main.o [1]
main::cycles            0x2000'0064    0x2  Data  Lc  main.o [1]
memchr                   0x800'1111         Code  Gb  memchr.o [4]
scale                    0x800'0ff1   0x44  Code  Lc  xprintffull_nomb.o [2]
sec_hand                0x2000'0060    0x4  Data  Lc  xfail_s.o [2]
sprintf                  0x800'21a9   0x40  Code  Gb  sprintf.o [2]
strchr                   0x800'1095         Code  Gb  strchr.o [4]
strlen                   0x800'10f9         Code  Gb  strlen.o [4]


[1] = C:\Users\dkkospnd\OneDrive - Alfa Laval\Desktop\Bare-Metal-STM32L058\9_LCD16x2_4bit\EWARM\Debug\Obj
[2] = dl6M_tlf.a
[3] = m6M_tl.a
[4] = rt6M_tl.a
[5] = shb_l.a

  8'845 bytes of readonly  code memory
    259 bytes of readonly  data memory
  1'128 bytes of readwrite data memory

Errors: none
Warnings: none
