###############################################################################
#
# IAR ELF Linker V8.50.6.265/W32 for ARM                  19/Feb/2021  10:23:28
# Copyright 2007-2020 IAR Systems AB.
#
#    Output file  =
#        C:\Users\soren\Desktop\Bare-Metal-STM32L058\3.3_TimerInputCapture_PWM
#        - ongoing\EWARM\Debug\Exe\TimerInputCapture.out
#    Map file     =
#        C:\Users\soren\Desktop\Bare-Metal-STM32L058\3.3_TimerInputCapture_PWM
#        - ongoing\EWARM\Debug\List\TimerInputCapture.map
#    Command line =
#        -f C:\Users\soren\AppData\Local\Temp\EW67.tmp
#        ("C:\Users\soren\Desktop\Bare-Metal-STM32L058\3.3_TimerInputCapture_PWM
#        - ongoing\EWARM\Debug\Obj\customclock.o"
#        "C:\Users\soren\Desktop\Bare-Metal-STM32L058\3.3_TimerInputCapture_PWM
#        - ongoing\EWARM\Debug\Obj\customdelay.o"
#        "C:\Users\soren\Desktop\Bare-Metal-STM32L058\3.3_TimerInputCapture_PWM
#        - ongoing\EWARM\Debug\Obj\customgpio.o"
#        "C:\Users\soren\Desktop\Bare-Metal-STM32L058\3.3_TimerInputCapture_PWM
#        - ongoing\EWARM\Debug\Obj\customuart.o"
#        "C:\Users\soren\Desktop\Bare-Metal-STM32L058\3.3_TimerInputCapture_PWM
#        - ongoing\EWARM\Debug\Obj\main.o"
#        "C:\Users\soren\Desktop\Bare-Metal-STM32L058\3.3_TimerInputCapture_PWM
#        - ongoing\EWARM\Debug\Obj\startup_stm32l053xx.o"
#        "C:\Users\soren\Desktop\Bare-Metal-STM32L058\3.3_TimerInputCapture_PWM
#        - ongoing\EWARM\Debug\Obj\stm32l0xx_it.o"
#        "C:\Users\soren\Desktop\Bare-Metal-STM32L058\3.3_TimerInputCapture_PWM
#        - ongoing\EWARM\Debug\Obj\system_stm32l0xx.o" --no_out_extension -o
#        "C:\Users\soren\Desktop\Bare-Metal-STM32L058\3.3_TimerInputCapture_PWM
#        - ongoing\EWARM\Debug\Exe\TimerInputCapture.out" --redirect
#        _Printf=_PrintfFullNoMb --redirect _Scanf=_ScanfFullNoMb --map
#        "C:\Users\soren\Desktop\Bare-Metal-STM32L058\3.3_TimerInputCapture_PWM
#        - ongoing\EWARM\Debug\List\TimerInputCapture.map" --config "Z:\Program
#        Files (x86)\IAR Systems\Embedded Workbench
#        8.4\arm\config\linker\ST\stm32l053x8.icf" --semihosting --entry
#        __iar_program_start --vfe --text_out locale)
#
###############################################################################

*******************************************************************************
*** RUNTIME MODEL ATTRIBUTES
***

CppFlavor       = *
__SystemLibrary = DLib
__dlib_version  = 6


*******************************************************************************
*** HEAP SELECTION
***

The basic heap was selected because some modules are built with
size limitations (and not runtime checking), and --advanced_heap
was not specified.


*******************************************************************************
*** PLACEMENT SUMMARY
***

"A0":  place at address 0x800'0000 { ro section .intvec };
"P1":  place in [from 0x800'0000 to 0x800'ffff] { ro };
define block CSTACK with size = 1K, alignment = 8 { };
define block HEAP with size = 2K, alignment = 8 { };
"P2":  place in [from 0x2000'0000 to 0x2000'1fff] {
          rw, block CSTACK, block HEAP };
initialize by copy { rw };

No sections matched the following patterns:

  section .eeprom  in "P3"


  Section            Kind         Address   Size  Object
  -------            ----         -------   ----  ------
"A0":                                       0xc0
  .intvec            ro code   0x800'0000   0xc0  startup_stm32l053xx.o [1]
                             - 0x800'00c0   0xc0

"P1":                                      0x6c3
  .text              ro code   0x800'00c0  0x21c  main.o [1]
  .text              ro code   0x800'02dc   0x94  customclock.o [1]
  .text              ro code   0x800'0370   0xf0  system_stm32l0xx.o [1]
  .text              ro code   0x800'0460   0xae  I32DivModFast.o [3]
  .text              ro code   0x800'050e    0x2  startup_stm32l053xx.o [1]
  .text              ro code   0x800'0510  0x128  customgpio.o [1]
  .text              ro code   0x800'0638    0x2  IntDivZer.o [3]
  .text              ro code   0x800'063a   0x3c  packbits_init_single.o [3]
  .text              ro code   0x800'0676    0x2  startup_stm32l053xx.o [1]
  .text              ro code   0x800'0678   0x28  data_init.o [3]
  .iar.init_table    const     0x800'06a0   0x10  - Linker created -
  .text              ro code   0x800'06b0   0x1e  cmain.o [3]
  .text              ro code   0x800'06ce    0x4  low_level_init.o [2]
  .text              ro code   0x800'06d2    0x8  exit.o [2]
  .text              ro code   0x800'06da    0x2  startup_stm32l053xx.o [1]
  .text              ro code   0x800'06dc    0xa  cexit.o [3]
  .text              ro code   0x800'06e6    0x2  startup_stm32l053xx.o [1]
  .text              ro code   0x800'06e8   0x14  exit.o [4]
  .rodata            const     0x800'06fc   0x10  system_stm32l0xx.o [1]
  .text              ro code   0x800'070c   0x10  customdelay.o [1]
  .text              ro code   0x800'071c   0x10  startup_stm32l053xx.o [1]
  .rodata            const     0x800'072c    0xc  system_stm32l0xx.o [1]
  .text              ro code   0x800'0738    0xc  cstartup_M.o [3]
  .text              ro code   0x800'0744    0x2  startup_stm32l053xx.o [1]
  .text              ro code   0x800'0746    0x2  startup_stm32l053xx.o [1]
  .text              ro code   0x800'0748    0x2  startup_stm32l053xx.o [1]
  .text              ro code   0x800'074a    0x2  startup_stm32l053xx.o [1]
  .text              ro code   0x800'074c    0x2  startup_stm32l053xx.o [1]
  .text              ro code   0x800'074e    0x2  startup_stm32l053xx.o [1]
  .text              ro code   0x800'0750    0x2  startup_stm32l053xx.o [1]
  .text              ro code   0x800'0752    0x2  startup_stm32l053xx.o [1]
  .text              ro code   0x800'0754    0x2  startup_stm32l053xx.o [1]
  .text              ro code   0x800'0756    0x2  startup_stm32l053xx.o [1]
  .text              ro code   0x800'0758    0x2  startup_stm32l053xx.o [1]
  .text              ro code   0x800'075a    0x2  startup_stm32l053xx.o [1]
  .text              ro code   0x800'075c    0x2  startup_stm32l053xx.o [1]
  .text              ro code   0x800'075e    0x2  startup_stm32l053xx.o [1]
  .text              ro code   0x800'0760    0x2  startup_stm32l053xx.o [1]
  .text              ro code   0x800'0762    0x2  startup_stm32l053xx.o [1]
  .text              ro code   0x800'0764    0x2  startup_stm32l053xx.o [1]
  .text              ro code   0x800'0766    0x2  startup_stm32l053xx.o [1]
  .text              ro code   0x800'0768    0x2  startup_stm32l053xx.o [1]
  .text              ro code   0x800'076a    0x2  startup_stm32l053xx.o [1]
  .text              ro code   0x800'076c    0x2  startup_stm32l053xx.o [1]
  .text              ro code   0x800'076e    0x2  startup_stm32l053xx.o [1]
  .text              ro code   0x800'0770    0x2  startup_stm32l053xx.o [1]
  .text              ro code   0x800'0772    0x2  startup_stm32l053xx.o [1]
  .text              ro code   0x800'0774    0x2  startup_stm32l053xx.o [1]
  .text              ro code   0x800'0776    0x2  startup_stm32l053xx.o [1]
  .text              ro code   0x800'0778    0x2  startup_stm32l053xx.o [1]
  .rodata            const     0x800'077a    0x0  packbits_init_single.o [3]
  Initializer bytes  const     0x800'077a    0x9  <for P2-1>
                             - 0x800'0783  0x6c3

"P2", part 1 of 2:                          0x1a
  P2-1                        0x2000'0000   0x1a  <Init block>
    .data            inited   0x2000'0000    0x4  system_stm32l0xx.o [1]
    .bss             inited   0x2000'0004    0x4  customdelay.o [1]
    .bss             inited   0x2000'0008    0x4  main.o [1]
    .bss             inited   0x2000'000c    0x4  main.o [1]
    .bss             inited   0x2000'0010    0x4  main.o [1]
    .bss             inited   0x2000'0014    0x4  main.o [1]
    .data            inited   0x2000'0018    0x2  main.o [1]
                            - 0x2000'001a   0x1a

"P2", part 2 of 2:                         0x400
  CSTACK                      0x2000'0020  0x400  <Block>
    CSTACK           uninit   0x2000'0020  0x400  <Block tail>
                            - 0x2000'0420  0x400

Unused ranges:

         From           To    Size
         ----           --    ----
   0x800'0783   0x800'ffff  0xf87d
  0x2000'001a  0x2000'001f     0x6
  0x2000'0420  0x2000'1fff  0x1be0


*******************************************************************************
*** INIT TABLE
***

          Address      Size
          -------      ----
Copy/packbits (__iar_packbits_init_single3)
    1 source range, total size 0x9 (34% of destination):
           0x800'077a   0x9
    1 destination range, total size 0x1a:
          0x2000'0000  0x1a



*******************************************************************************
*** MODULE SUMMARY
***

    Module                  ro code  ro data  rw data
    ------                  -------  -------  -------
command line/config:
    -------------------------------------------------
    Total:

C:\Users\soren\Desktop\Bare-Metal-STM32L058\3.3_TimerInputCapture_PWM - ongoing\EWARM\Debug\Obj: [1]
    customclock.o               148
    customdelay.o                16        1        4
    customgpio.o                296
    main.o                      540        7       18
    startup_stm32l053xx.o       270
    system_stm32l0xx.o          240       29        4
    -------------------------------------------------
    Total:                    1'510       37       26

dl6M_tlf.a: [2]
    exit.o                        8
    low_level_init.o              4
    -------------------------------------------------
    Total:                       12

rt6M_tl.a: [3]
    I32DivModFast.o             174
    IntDivZer.o                   2
    cexit.o                      10
    cmain.o                      30
    cstartup_M.o                 12
    data_init.o                  40
    packbits_init_single.o       60
    -------------------------------------------------
    Total:                      328

shb_l.a: [4]
    exit.o                       20
    -------------------------------------------------
    Total:                       20

    Linker created                        16    1'024
-----------------------------------------------------
    Grand Total:              1'870       53    1'050


*******************************************************************************
*** ENTRY LIST
***

Entry                       Address  Size  Type      Object
-----                       -------  ----  ----      ------
.iar.init_table$$Base    0x800'06a0         --   Gb  - Linker created -
.iar.init_table$$Limit   0x800'06b0         --   Gb  - Linker created -
?main                    0x800'06b1        Code  Gb  cmain.o [3]
AHBPrescTable            0x800'06fc  0x10  Data  Gb  system_stm32l0xx.o [1]
CSTACK$$Base            0x2000'0020         --   Gb  - Linker created -
CSTACK$$Limit           0x2000'0420         --   Gb  - Linker created -
DutyCycle               0x2000'000c   0x4  Data  Gb  main.o [1]
NVIC_EnableIRQ           0x800'00c1   0xe  Code  Lc  main.o [1]
NVIC_SetPriority         0x800'00cf  0x8a  Code  Lc  main.o [1]
PLLMulTable              0x800'072c   0xc  Data  Gb  system_stm32l0xx.o [1]
PWM_Init                 0x800'01b3  0x50  Code  Gb  main.o [1]
Period                  0x2000'0008   0x4  Data  Gb  main.o [1]
Region$$Table$$Base      0x800'06a0         --   Gb  - Linker created -
Region$$Table$$Limit     0x800'06b0         --   Gb  - Linker created -
SysTick_Config           0x800'0159  0x30  Code  Lc  main.o [1]
SysTick_Handler          0x800'070d   0xa  Code  Gb  customdelay.o [1]
SystemCoreClock         0x2000'0000   0x4  Data  Gb  system_stm32l0xx.o [1]
SystemCoreClockUpdate    0x800'0373  0xca  Code  Gb  system_stm32l0xx.o [1]
SystemInit               0x800'0371   0x2  Code  Gb  system_stm32l0xx.o [1]
TIM21_IRQHandler         0x800'0203  0x6e  Code  Gb  main.o [1]
Tick                    0x2000'0004   0x4  Data  Lc  customdelay.o [1]
__aeabi_idiv0            0x800'0639        Code  Gb  IntDivZer.o [3]
__aeabi_uidiv            0x800'0461        Code  Gb  I32DivModFast.o [3]
__aeabi_uidivmod         0x800'0461        Code  Gb  I32DivModFast.o [3]
__cmain                  0x800'06b1        Code  Gb  cmain.o [3]
__exit                   0x800'06e9  0x14  Code  Gb  exit.o [4]
__iar_data_init3         0x800'0679  0x28  Code  Gb  data_init.o [3]
__iar_packbits_init_single3
                         0x800'063b  0x3c  Code  Gb  packbits_init_single.o [3]
__iar_program_start      0x800'0739        Code  Gb  cstartup_M.o [3]
__low_level_init         0x800'06cf   0x4  Code  Gb  low_level_init.o [2]
__vector_table           0x800'0000        Data  Gb  startup_stm32l053xx.o [1]
_call_main               0x800'06bd        Code  Gb  cmain.o [3]
_exit                    0x800'06dd        Code  Gb  cexit.o [3]
_main                    0x800'06cb        Code  Gb  cmain.o [3]
customClock_init         0x800'02dd  0x94  Code  Gb  customclock.o [1]
customGPIO_init          0x800'0511  0xea  Code  Gb  customgpio.o [1]
error                   0x2000'0018   0x2  Data  Gb  main.o [1]
exit                     0x800'06d3   0x8  Code  Gb  exit.o [2]
main                     0x800'0189  0x2a  Code  Gb  main.o [1]
uwDutyCycle             0x2000'0010   0x4  Data  Gb  main.o [1]
uwFrequency             0x2000'0014   0x4  Data  Gb  main.o [1]


[1] = C:\Users\soren\Desktop\Bare-Metal-STM32L058\3.3_TimerInputCapture_PWM - ongoing\EWARM\Debug\Obj
[2] = dl6M_tlf.a
[3] = rt6M_tl.a
[4] = shb_l.a

  1'870 bytes of readonly  code memory
     53 bytes of readonly  data memory
  1'050 bytes of readwrite data memory

Errors: none
Warnings: none
