###############################################################################
#
# IAR ELF Linker V8.50.6.265/W32 for ARM                  18/Feb/2021  10:44:21
# Copyright 2007-2020 IAR Systems AB.
#
#    Output file  =
#        C:\Users\soren\Desktop\Bare-Metal-STM32L058\8_SPI
#        ongoing\EWARM\Debug\Exe\SPI.out
#    Map file     =
#        C:\Users\soren\Desktop\Bare-Metal-STM32L058\8_SPI
#        ongoing\EWARM\Debug\List\SPI.map
#    Command line =
#        -f C:\Users\soren\AppData\Local\Temp\EWC9C4.tmp
#        ("C:\Users\soren\Desktop\Bare-Metal-STM32L058\8_SPI
#        ongoing\EWARM\Debug\Obj\customclock.o"
#        "C:\Users\soren\Desktop\Bare-Metal-STM32L058\8_SPI
#        ongoing\EWARM\Debug\Obj\customdelay.o"
#        "C:\Users\soren\Desktop\Bare-Metal-STM32L058\8_SPI
#        ongoing\EWARM\Debug\Obj\customgpio.o"
#        "C:\Users\soren\Desktop\Bare-Metal-STM32L058\8_SPI
#        ongoing\EWARM\Debug\Obj\main.o"
#        "C:\Users\soren\Desktop\Bare-Metal-STM32L058\8_SPI
#        ongoing\EWARM\Debug\Obj\stm32l0xx_it.o"
#        "C:\Users\soren\Desktop\Bare-Metal-STM32L058\8_SPI
#        ongoing\EWARM\Debug\Obj\system_stm32l0xx.o" --no_out_extension -o
#        "C:\Users\soren\Desktop\Bare-Metal-STM32L058\8_SPI
#        ongoing\EWARM\Debug\Exe\SPI.out" --redirect _Printf=_PrintfFullNoMb
#        --redirect _Scanf=_ScanfFullNoMb --map
#        "C:\Users\soren\Desktop\Bare-Metal-STM32L058\8_SPI
#        ongoing\EWARM\Debug\List\SPI.map" --config "Z:\Program Files (x86)\IAR
#        Systems\Embedded Workbench 8.4\arm\config\linker\ST\stm32l053x8.icf"
#        --semihosting --entry __iar_program_start --vfe --text_out locale)
#
###############################################################################

*******************************************************************************
*** RUNTIME MODEL ATTRIBUTES
***

CppFlavor       = *
__SystemLibrary = DLib
__dlib_version  = 6


*******************************************************************************
*** HEAP SELECTION
***

The basic heap was selected because some modules are built with
size limitations (and not runtime checking), and --advanced_heap
was not specified.


*******************************************************************************
*** PLACEMENT SUMMARY
***

"A0":  place at address 0x800'0000 { ro section .intvec };
"P1":  place in [from 0x800'0000 to 0x800'ffff] { ro };
define block CSTACK with size = 1K, alignment = 8 { };
define block HEAP with size = 2K, alignment = 8 { };
"P2":  place in [from 0x2000'0000 to 0x2000'1fff] {
          rw, block CSTACK, block HEAP };
initialize by copy { rw };

No sections matched the following patterns:

  section .eeprom  in "P3"


  Section            Kind         Address   Size  Object
  -------            ----         -------   ----  ------
"A0":                                       0x40
  .intvec            ro code   0x800'0000   0x40  vector_table_M.o [3]
                             - 0x800'0040   0x40

"P1":                                      0x8e3
  .text              ro code   0x800'0040  0x270  customgpio.o [1]
  .text              ro code   0x800'02b0  0x1ec  main.o [1]
  .text              ro code   0x800'049c   0x94  customclock.o [1]
  .text              ro code   0x800'0530   0xf0  system_stm32l0xx.o [1]
  .text              ro code   0x800'0620  0x104  customdelay.o [1]
  .text              ro code   0x800'0724   0x4e  ABImemcpy.o [3]
  .text              ro code   0x800'0772   0xae  I32DivModFast.o [3]
  .text              ro code   0x800'0820    0x2  IntDivZer.o [3]
  .text              ro code   0x800'0822   0x3c  packbits_init_single.o [3]
  .text              ro code   0x800'085e    0xa  stm32l0xx_it.o [1]
  .text              ro code   0x800'0868   0x28  data_init.o [3]
  .iar.init_table    const     0x800'0890   0x10  - Linker created -
  .text              ro code   0x800'08a0   0x1e  cmain.o [3]
  .text              ro code   0x800'08be    0x4  low_level_init.o [2]
  .text              ro code   0x800'08c2    0x8  exit.o [2]
  .text              ro code   0x800'08ca    0x2  vector_table_M.o [3]
  .text              ro code   0x800'08cc    0xa  cexit.o [3]
  .text              ro code   0x800'08d8   0x14  exit.o [4]
  .rodata            const     0x800'08ec   0x10  system_stm32l0xx.o [1]
  .rodata            const     0x800'08fc    0xc  system_stm32l0xx.o [1]
  .text              ro code   0x800'0908    0xc  cstartup_M.o [3]
  .rodata            const     0x800'0914    0x0  packbits_init_single.o [3]
  Initializer bytes  const     0x800'0914    0xf  <for P2-1>
                             - 0x800'0923  0x8e3

"P2", part 1 of 2:                          0x2a
  P2-1                        0x2000'0000   0x2a  <Init block>
    .data            inited   0x2000'0000    0x4  main.o [1]
    .data            inited   0x2000'0004    0x4  main.o [1]
    .data            inited   0x2000'0008    0x4  system_stm32l0xx.o [1]
    .bss             inited   0x2000'000c    0x4  customdelay.o [1]
    .bss             inited   0x2000'0010    0x8  main.o [1]
    .bss             inited   0x2000'0018    0x8  main.o [1]
    .bss             inited   0x2000'0020    0x8  main.o [1]
    .data            inited   0x2000'0028    0x1  main.o [1]
    .data            inited   0x2000'0029    0x1  main.o [1]
                            - 0x2000'002a   0x2a

"P2", part 2 of 2:                         0x400
  CSTACK                      0x2000'0030  0x400  <Block>
    CSTACK           uninit   0x2000'0030  0x400  <Block tail>
                            - 0x2000'0430  0x400

Unused ranges:

         From           To    Size
         ----           --    ----
   0x800'0923   0x800'ffff  0xf6dd
  0x2000'002a  0x2000'002f     0x6
  0x2000'0430  0x2000'1fff  0x1bd0


*******************************************************************************
*** INIT TABLE
***

          Address      Size
          -------      ----
Copy/packbits (__iar_packbits_init_single3)
    1 source range, total size 0xf (35% of destination):
           0x800'0914   0xf
    1 destination range, total size 0x2a:
          0x2000'0000  0x2a



*******************************************************************************
*** MODULE SUMMARY
***

    Module                  ro code  ro data  rw data
    ------                  -------  -------  -------
command line/config:
    -------------------------------------------------
    Total:

C:\Users\soren\Desktop\Bare-Metal-STM32L058\8_SPI  ongoing\EWARM\Debug\Obj: [1]
    customclock.o               148
    customdelay.o               260        1        4
    customgpio.o                624
    main.o                      492       12       34
    stm32l0xx_it.o               10
    system_stm32l0xx.o          240       30        4
    -------------------------------------------------
    Total:                    1'774       43       42

dl6M_tln.a: [2]
    exit.o                        8
    low_level_init.o              4
    -------------------------------------------------
    Total:                       12

rt6M_tl.a: [3]
    ABImemcpy.o                  78
    I32DivModFast.o             174
    IntDivZer.o                   2
    cexit.o                      10
    cmain.o                      30
    cstartup_M.o                 12
    data_init.o                  40
    packbits_init_single.o       60
    vector_table_M.o             66
    -------------------------------------------------
    Total:                      472

shb_l.a: [4]
    exit.o                       20
    -------------------------------------------------
    Total:                       20

    Gaps                          2
    Linker created                        16    1'024
-----------------------------------------------------
    Grand Total:              2'280       59    1'066


*******************************************************************************
*** ENTRY LIST
***

Entry                       Address   Size  Type      Object
-----                       -------   ----  ----      ------
.iar.init_table$$Base    0x800'0890          --   Gb  - Linker created -
.iar.init_table$$Limit   0x800'08a0          --   Gb  - Linker created -
?main                    0x800'08a1         Code  Gb  cmain.o [3]
AHBPrescTable            0x800'08ec   0x10  Data  Gb  system_stm32l0xx.o [1]
CSTACK$$Base            0x2000'0030          --   Gb  - Linker created -
CSTACK$$Limit           0x2000'0430          --   Gb  - Linker created -
HardFault_Handler        0x800'0861    0x4  Code  Gb  stm32l0xx_it.o [1]
MX25L20_RDID             0x800'0345   0x20  Code  Gb  main.o [1]
MX25L20_RDID::cmd_tx    0x2000'0004    0x4  Data  Lc  main.o [1]
MX25L20_RDSR             0x800'0307   0x20  Code  Gb  main.o [1]
MX25L20_RDSR::cmd_tx    0x2000'0000    0x4  Data  Lc  main.o [1]
MX25L20_WRDI             0x800'02e9   0x1e  Code  Gb  main.o [1]
MX25L20_WRDI::cmd_tx    0x2000'0028    0x1  Data  Lc  main.o [1]
MX25L20_WREN             0x800'0327   0x1e  Code  Gb  main.o [1]
MX25L20_WREN::cmd_rx    0x2000'0018    0x8  Data  Lc  main.o [1]
MX25L20_WREN::cmd_tx    0x2000'0029    0x1  Data  Lc  main.o [1]
NMI_Handler              0x800'085f    0x2  Code  Gb  stm32l0xx_it.o [1]
NVIC_SetPriority         0x800'0621   0x8a  Code  Lc  customdelay.o [1]
PLLMulTable              0x800'08fc    0xc  Data  Gb  system_stm32l0xx.o [1]
PendSV_Handler           0x800'0867    0x2  Code  Gb  stm32l0xx_it.o [1]
Region$$Table$$Base      0x800'0890          --   Gb  - Linker created -
Region$$Table$$Limit     0x800'08a0          --   Gb  - Linker created -
SPI_GPIO                 0x800'041b   0x46  Code  Gb  main.o [1]
SPI_TransmitReceive      0x800'0365   0x50  Code  Gb  main.o [1]
SPI_TransmitReceive::temp
                        0x2000'0020    0x8  Data  Lc  main.o [1]
SPI_init                 0x800'03b5   0x66  Code  Gb  main.o [1]
SVC_Handler              0x800'0865    0x2  Code  Gb  stm32l0xx_it.o [1]
SysTick_Config           0x800'06ab   0x30  Code  Lc  customdelay.o [1]
SysTick_Handler          0x800'06ff    0xa  Code  Gb  customdelay.o [1]
SystemCoreClock         0x2000'0008    0x4  Data  Gb  system_stm32l0xx.o [1]
SystemCoreClockUpdate    0x800'0531   0xca  Code  Gb  system_stm32l0xx.o [1]
Tick                    0x2000'000c    0x4  Data  Lc  customdelay.o [1]
__aeabi_idiv0            0x800'0821         Code  Gb  IntDivZer.o [3]
__aeabi_memcpy           0x800'0759         Code  Gb  ABImemcpy.o [3]
__aeabi_memcpy4          0x800'0725         Code  Gb  ABImemcpy.o [3]
__aeabi_memcpy8          0x800'0725         Code  Gb  ABImemcpy.o [3]
__aeabi_uidiv            0x800'0773         Code  Gb  I32DivModFast.o [3]
__aeabi_uidivmod         0x800'0773         Code  Gb  I32DivModFast.o [3]
__cmain                  0x800'08a1         Code  Gb  cmain.o [3]
__exit                   0x800'08d9   0x14  Code  Gb  exit.o [4]
__iar_Memcpy             0x800'0765         Code  Gb  ABImemcpy.o [3]
__iar_data_init3         0x800'0869   0x28  Code  Gb  data_init.o [3]
__iar_packbits_init_single3
                         0x800'0823   0x3c  Code  Gb  packbits_init_single.o [3]
__iar_program_start      0x800'0909         Code  Gb  cstartup_M.o [3]
__low_level_init         0x800'08bf    0x4  Code  Gb  low_level_init.o [2]
__vector_table           0x800'0000         Data  Gb  vector_table_M.o [3]
_call_main               0x800'08ad         Code  Gb  cmain.o [3]
_exit                    0x800'08cd         Code  Gb  cexit.o [3]
_main                    0x800'08bb         Code  Gb  cmain.o [3]
cmd_rx                  0x2000'0010    0x8  Data  Gb  main.o [1]
customClock_init         0x800'049d   0x94  Code  Gb  customclock.o [1]
customDelay              0x800'06ef   0x10  Code  Gb  customdelay.o [1]
customDelay_init         0x800'06db   0x14  Code  Gb  customdelay.o [1]
customGPIO_init          0x800'0041  0x212  Code  Gb  customgpio.o [1]
exit                     0x800'08c3    0x8  Code  Gb  exit.o [2]
main                     0x800'02b1   0x38  Code  Gb  main.o [1]


[1] = C:\Users\soren\Desktop\Bare-Metal-STM32L058\8_SPI  ongoing\EWARM\Debug\Obj
[2] = dl6M_tln.a
[3] = rt6M_tl.a
[4] = shb_l.a

  2'280 bytes of readonly  code memory
     59 bytes of readonly  data memory
  1'066 bytes of readwrite data memory

Errors: none
Warnings: none
