###############################################################################
#
# IAR ELF Linker V8.50.6.265/W32 for ARM                  12/Feb/2021  11:47:55
# Copyright 2007-2020 IAR Systems AB.
#
#    Output file  =
#        C:\Users\soren\Desktop\Bare-Metal-STM32L058\8_SPI
#        ongoing\EWARM\Debug\Exe\SPI.out
#    Map file     =
#        C:\Users\soren\Desktop\Bare-Metal-STM32L058\8_SPI
#        ongoing\EWARM\Debug\List\SPI.map
#    Command line =
#        -f C:\Users\soren\AppData\Local\Temp\EWD437.tmp
#        ("C:\Users\soren\Desktop\Bare-Metal-STM32L058\8_SPI
#        ongoing\EWARM\Debug\Obj\customclock.o"
#        "C:\Users\soren\Desktop\Bare-Metal-STM32L058\8_SPI
#        ongoing\EWARM\Debug\Obj\customdelay.o"
#        "C:\Users\soren\Desktop\Bare-Metal-STM32L058\8_SPI
#        ongoing\EWARM\Debug\Obj\customgpio.o"
#        "C:\Users\soren\Desktop\Bare-Metal-STM32L058\8_SPI
#        ongoing\EWARM\Debug\Obj\main.o"
#        "C:\Users\soren\Desktop\Bare-Metal-STM32L058\8_SPI
#        ongoing\EWARM\Debug\Obj\stm32l0xx_it.o"
#        "C:\Users\soren\Desktop\Bare-Metal-STM32L058\8_SPI
#        ongoing\EWARM\Debug\Obj\system_stm32l0xx.o" --no_out_extension -o
#        "C:\Users\soren\Desktop\Bare-Metal-STM32L058\8_SPI
#        ongoing\EWARM\Debug\Exe\SPI.out" --redirect _Printf=_PrintfFullNoMb
#        --redirect _Scanf=_ScanfFullNoMb --map
#        "C:\Users\soren\Desktop\Bare-Metal-STM32L058\8_SPI
#        ongoing\EWARM\Debug\List\SPI.map" --config "Z:\Program Files (x86)\IAR
#        Systems\Embedded Workbench 8.4\arm\config\linker\ST\stm32l053x8.icf"
#        --semihosting --entry __iar_program_start --vfe --text_out locale)
#
###############################################################################

*******************************************************************************
*** RUNTIME MODEL ATTRIBUTES
***

CppFlavor       = *
__SystemLibrary = DLib
__dlib_version  = 6


*******************************************************************************
*** HEAP SELECTION
***

The basic heap was selected because some modules are built with
size limitations (and not runtime checking), and --advanced_heap
was not specified.


*******************************************************************************
*** PLACEMENT SUMMARY
***

"A0":  place at address 0x800'0000 { ro section .intvec };
"P1":  place in [from 0x800'0000 to 0x800'ffff] { ro };
define block CSTACK with size = 1K, alignment = 8 { };
define block HEAP with size = 2K, alignment = 8 { };
"P2":  place in [from 0x2000'0000 to 0x2000'1fff] {
          rw, block CSTACK, block HEAP };
initialize by copy { rw };

No sections matched the following patterns:

  section .eeprom  in "P3"


  Section            Kind         Address   Size  Object
  -------            ----         -------   ----  ------
"A0":                                       0x40
  .intvec            ro code   0x800'0000   0x40  vector_table_M.o [3]
                             - 0x800'0040   0x40

"P1":                                      0x814
  .text              ro code   0x800'0040  0x270  customgpio.o [1]
  .text              ro code   0x800'02b0  0x170  main.o [1]
  .text              ro code   0x800'0420   0x94  customclock.o [1]
  .text              ro code   0x800'04b4   0xf0  system_stm32l0xx.o [1]
  .text              ro code   0x800'05a4  0x104  customdelay.o [1]
  .text              ro code   0x800'06a8   0xae  I32DivModFast.o [3]
  .text              ro code   0x800'0756    0xa  stm32l0xx_it.o [1]
  .text              ro code   0x800'0760    0x2  IntDivZer.o [3]
  .text              ro code   0x800'0762   0x3c  packbits_init_single.o [3]
  .text              ro code   0x800'079e    0x2  vector_table_M.o [3]
  .text              ro code   0x800'07a0   0x28  data_init.o [3]
  .iar.init_table    const     0x800'07c8   0x10  - Linker created -
  .text              ro code   0x800'07d8   0x1e  cmain.o [3]
  .text              ro code   0x800'07f6    0x4  low_level_init.o [2]
  .text              ro code   0x800'07fa    0x8  exit.o [2]
  .text              ro code   0x800'0804    0xa  cexit.o [3]
  .text              ro code   0x800'0810   0x14  exit.o [4]
  .rodata            const     0x800'0824   0x10  system_stm32l0xx.o [1]
  .rodata            const     0x800'0834    0xc  system_stm32l0xx.o [1]
  .text              ro code   0x800'0840    0xc  cstartup_M.o [3]
  .rodata            const     0x800'084c    0x0  packbits_init_single.o [3]
  Initializer bytes  const     0x800'084c    0x8  <for P2-1>
                             - 0x800'0854  0x814

"P2", part 1 of 2:                          0x20
  P2-1                        0x2000'0000   0x20  <Init block>
    .data            inited   0x2000'0000    0x8  main.o [1]
    .data            inited   0x2000'0008    0x4  system_stm32l0xx.o [1]
    .bss             inited   0x2000'000c    0x4  customdelay.o [1]
    .bss             inited   0x2000'0010    0x8  main.o [1]
    .bss             inited   0x2000'0018    0x8  main.o [1]
                            - 0x2000'0020   0x20

"P2", part 2 of 2:                         0x400
  CSTACK                      0x2000'0020  0x400  <Block>
    CSTACK           uninit   0x2000'0020  0x400  <Block tail>
                            - 0x2000'0420  0x400

Unused ranges:

         From           To    Size
         ----           --    ----
   0x800'0854   0x800'ffff  0xf7ac
  0x2000'0420  0x2000'1fff  0x1be0


*******************************************************************************
*** INIT TABLE
***

          Address      Size
          -------      ----
Copy/packbits (__iar_packbits_init_single3)
    1 source range, total size 0x8 (25% of destination):
           0x800'084c   0x8
    1 destination range, total size 0x20:
          0x2000'0000  0x20



*******************************************************************************
*** MODULE SUMMARY
***

    Module                  ro code  ro data  rw data
    ------                  -------  -------  -------
command line/config:
    -------------------------------------------------
    Total:

C:\Users\soren\Desktop\Bare-Metal-STM32L058\8_SPI  ongoing\EWARM\Debug\Obj: [1]
    customclock.o               148
    customdelay.o               260        1        4
    customgpio.o                624
    main.o                      368        6       24
    stm32l0xx_it.o               10
    system_stm32l0xx.o          240       29        4
    -------------------------------------------------
    Total:                    1'650       36       32

dl6M_tlf.a: [2]
    exit.o                        8
    low_level_init.o              4
    -------------------------------------------------
    Total:                       12

rt6M_tl.a: [3]
    I32DivModFast.o             174
    IntDivZer.o                   2
    cexit.o                      10
    cmain.o                      30
    cstartup_M.o                 12
    data_init.o                  40
    packbits_init_single.o       60
    vector_table_M.o             66
    -------------------------------------------------
    Total:                      394

shb_l.a: [4]
    exit.o                       20
    -------------------------------------------------
    Total:                       20

    Gaps                          4
    Linker created                        16    1'024
-----------------------------------------------------
    Grand Total:              2'080       52    1'056


*******************************************************************************
*** ENTRY LIST
***

Entry                       Address   Size  Type      Object
-----                       -------   ----  ----      ------
.iar.init_table$$Base    0x800'07c8          --   Gb  - Linker created -
.iar.init_table$$Limit   0x800'07d8          --   Gb  - Linker created -
?main                    0x800'07d9         Code  Gb  cmain.o [3]
AHBPrescTable            0x800'0824   0x10  Data  Gb  system_stm32l0xx.o [1]
CSTACK$$Base            0x2000'0020          --   Gb  - Linker created -
CSTACK$$Limit           0x2000'0420          --   Gb  - Linker created -
HardFault_Handler        0x800'0759    0x4  Code  Gb  stm32l0xx_it.o [1]
NMI_Handler              0x800'0757    0x2  Code  Gb  stm32l0xx_it.o [1]
NVIC_SetPriority         0x800'05a5   0x8a  Code  Lc  customdelay.o [1]
PLLMulTable              0x800'0834    0xc  Data  Gb  system_stm32l0xx.o [1]
PendSV_Handler           0x800'075f    0x2  Code  Gb  stm32l0xx_it.o [1]
Region$$Table$$Base      0x800'07c8          --   Gb  - Linker created -
Region$$Table$$Limit     0x800'07d8          --   Gb  - Linker created -
SPI_GPIO                 0x800'03b1   0x46  Code  Gb  main.o [1]
SPI_TransmitReceive      0x800'0373   0x3e  Code  Gb  main.o [1]
SPI_TransmitReceive::temp
                        0x2000'0018    0x8  Data  Lc  main.o [1]
SPI_init                 0x800'0303   0x70  Code  Gb  main.o [1]
SVC_Handler              0x800'075d    0x2  Code  Gb  stm32l0xx_it.o [1]
SysTick_Config           0x800'062f   0x30  Code  Lc  customdelay.o [1]
SysTick_Handler          0x800'0683    0xa  Code  Gb  customdelay.o [1]
SystemCoreClock         0x2000'0008    0x4  Data  Gb  system_stm32l0xx.o [1]
SystemCoreClockUpdate    0x800'04b5   0xca  Code  Gb  system_stm32l0xx.o [1]
Tick                    0x2000'000c    0x4  Data  Lc  customdelay.o [1]
__aeabi_idiv0            0x800'0761         Code  Gb  IntDivZer.o [3]
__aeabi_uidiv            0x800'06a9         Code  Gb  I32DivModFast.o [3]
__aeabi_uidivmod         0x800'06a9         Code  Gb  I32DivModFast.o [3]
__cmain                  0x800'07d9         Code  Gb  cmain.o [3]
__exit                   0x800'0811   0x14  Code  Gb  exit.o [4]
__iar_data_init3         0x800'07a1   0x28  Code  Gb  data_init.o [3]
__iar_packbits_init_single3
                         0x800'0763   0x3c  Code  Gb  packbits_init_single.o [3]
__iar_program_start      0x800'0841         Code  Gb  cstartup_M.o [3]
__low_level_init         0x800'07f7    0x4  Code  Gb  low_level_init.o [2]
__vector_table           0x800'0000         Data  Gb  vector_table_M.o [3]
_call_main               0x800'07e5         Code  Gb  cmain.o [3]
_exit                    0x800'0805         Code  Gb  cexit.o [3]
_main                    0x800'07f3         Code  Gb  cmain.o [3]
customClock_init         0x800'0421   0x94  Code  Gb  customclock.o [1]
customDelay              0x800'0673   0x10  Code  Gb  customdelay.o [1]
customDelay_init         0x800'065f   0x14  Code  Gb  customdelay.o [1]
customGPIO_init          0x800'0041  0x212  Code  Gb  customgpio.o [1]
exit                     0x800'07fb    0x8  Code  Gb  exit.o [2]
main                     0x800'02b1   0x52  Code  Gb  main.o [1]
main::RX_Array          0x2000'0010    0x8  Data  Lc  main.o [1]
main::TX_Array          0x2000'0000    0x8  Data  Lc  main.o [1]


[1] = C:\Users\soren\Desktop\Bare-Metal-STM32L058\8_SPI  ongoing\EWARM\Debug\Obj
[2] = dl6M_tlf.a
[3] = rt6M_tl.a
[4] = shb_l.a

  2'080 bytes of readonly  code memory
     52 bytes of readonly  data memory
  1'056 bytes of readwrite data memory

Errors: none
Warnings: none
