###############################################################################
#
# IAR ELF Linker V8.50.6.265/W32 for ARM                  10/Feb/2021  14:01:21
# Copyright 2007-2020 IAR Systems AB.
#
#    Output file  =
#        C:\Users\soren\Desktop\Bare-Metal-STM32L058\8_SPI
#        ongoing\EWARM\Debug\Exe\SPI.out
#    Map file     =
#        C:\Users\soren\Desktop\Bare-Metal-STM32L058\8_SPI
#        ongoing\EWARM\Debug\List\SPI.map
#    Command line =
#        -f C:\Users\soren\AppData\Local\Temp\EWC1D4.tmp
#        ("C:\Users\soren\Desktop\Bare-Metal-STM32L058\8_SPI
#        ongoing\EWARM\Debug\Obj\customclock.o"
#        "C:\Users\soren\Desktop\Bare-Metal-STM32L058\8_SPI
#        ongoing\EWARM\Debug\Obj\customdelay.o"
#        "C:\Users\soren\Desktop\Bare-Metal-STM32L058\8_SPI
#        ongoing\EWARM\Debug\Obj\customgpio.o"
#        "C:\Users\soren\Desktop\Bare-Metal-STM32L058\8_SPI
#        ongoing\EWARM\Debug\Obj\main.o"
#        "C:\Users\soren\Desktop\Bare-Metal-STM32L058\8_SPI
#        ongoing\EWARM\Debug\Obj\stm32l0xx_it.o"
#        "C:\Users\soren\Desktop\Bare-Metal-STM32L058\8_SPI
#        ongoing\EWARM\Debug\Obj\system_stm32l0xx.o" --no_out_extension -o
#        "C:\Users\soren\Desktop\Bare-Metal-STM32L058\8_SPI
#        ongoing\EWARM\Debug\Exe\SPI.out" --redirect _Printf=_PrintfFullNoMb
#        --redirect _Scanf=_ScanfFullNoMb --map
#        "C:\Users\soren\Desktop\Bare-Metal-STM32L058\8_SPI
#        ongoing\EWARM\Debug\List\SPI.map" --config "Z:\Program Files (x86)\IAR
#        Systems\Embedded Workbench 8.4\arm\config\linker\ST\stm32l053x8.icf"
#        --semihosting --entry __iar_program_start --vfe --text_out locale)
#
###############################################################################

*******************************************************************************
*** RUNTIME MODEL ATTRIBUTES
***

CppFlavor       = *
__SystemLibrary = DLib
__dlib_version  = 6


*******************************************************************************
*** HEAP SELECTION
***

The basic heap was selected because some modules are built with
size limitations (and not runtime checking), and --advanced_heap
was not specified.


*******************************************************************************
*** PLACEMENT SUMMARY
***

"A0":  place at address 0x800'0000 { ro section .intvec };
"P1":  place in [from 0x800'0000 to 0x800'ffff] { ro };
define block CSTACK with size = 1K, alignment = 8 { };
define block HEAP with size = 2K, alignment = 8 { };
"P2":  place in [from 0x2000'0000 to 0x2000'1fff] {
          rw, block CSTACK, block HEAP };
initialize by copy { rw };

No sections matched the following patterns:

  section .eeprom  in "P3"


  Section            Kind         Address   Size  Object
  -------            ----         -------   ----  ------
"A0":                                       0x40
  .intvec            ro code   0x800'0000   0x40  vector_table_M.o [3]
                             - 0x800'0040   0x40

"P1":                                      0x794
  .text              ro code   0x800'0040  0x230  customgpio.o [1]
  .text              ro code   0x800'0270  0x140  main.o [1]
  .text              ro code   0x800'03b0   0x94  customclock.o [1]
  .text              ro code   0x800'0444   0xf0  system_stm32l0xx.o [1]
  .text              ro code   0x800'0534   0xf4  customdelay.o [1]
  .text              ro code   0x800'0628   0xae  I32DivModFast.o [3]
  .text              ro code   0x800'06d6    0xa  stm32l0xx_it.o [1]
  .text              ro code   0x800'06e0    0x2  IntDivZer.o [3]
  .text              ro code   0x800'06e2   0x30  copy_init3.o [3]
  .text              ro code   0x800'0712    0x2  vector_table_M.o [3]
  .text              ro code   0x800'0714   0x28  data_init.o [3]
  .iar.init_table    const     0x800'073c   0x14  - Linker created -
  .text              ro code   0x800'0750   0x1e  cmain.o [3]
  .text              ro code   0x800'076e    0x4  low_level_init.o [2]
  .text              ro code   0x800'0772    0x8  exit.o [2]
  .text              ro code   0x800'077c    0xa  cexit.o [3]
  .text              ro code   0x800'0788   0x14  exit.o [4]
  .rodata            const     0x800'079c   0x10  system_stm32l0xx.o [1]
  .rodata            const     0x800'07ac    0xc  system_stm32l0xx.o [1]
  .text              ro code   0x800'07b8    0xc  cstartup_M.o [3]
  .rodata            const     0x800'07c4    0x8  main.o [1]
  Initializer bytes  const     0x800'07cc    0x8  <for P2-1>
  .rodata            const     0x800'07d4    0x0  copy_init3.o [3]
                             - 0x800'07d4  0x794

"P2", part 1 of 2:                           0x8
  P2-1                        0x2000'0000    0x8  <Init block>
    .data            inited   0x2000'0000    0x4  system_stm32l0xx.o [1]
    .bss             inited   0x2000'0004    0x4  customdelay.o [1]
                            - 0x2000'0008    0x8

"P2", part 2 of 2:                         0x400
  CSTACK                      0x2000'0008  0x400  <Block>
    CSTACK           uninit   0x2000'0008  0x400  <Block tail>
                            - 0x2000'0408  0x400

Unused ranges:

         From           To    Size
         ----           --    ----
   0x800'07d4   0x800'ffff  0xf82c
  0x2000'0408  0x2000'1fff  0x1bf8


*******************************************************************************
*** INIT TABLE
***

          Address      Size
          -------      ----
Copy (__iar_copy_init3)
    1 source range, total size 0x8:
           0x800'07cc   0x8
    1 destination range, total size 0x8:
          0x2000'0000   0x8



*******************************************************************************
*** MODULE SUMMARY
***

    Module              ro code  ro data  rw data
    ------              -------  -------  -------
command line/config:
    ---------------------------------------------
    Total:

C:\Users\soren\Desktop\Bare-Metal-STM32L058\8_SPI  ongoing\EWARM\Debug\Obj: [1]
    customclock.o           148
    customdelay.o           244        4        4
    customgpio.o            560
    main.o                  320        8
    stm32l0xx_it.o           10
    system_stm32l0xx.o      240       32        4
    ---------------------------------------------
    Total:                1'522       44        8

dl6M_tlf.a: [2]
    exit.o                    8
    low_level_init.o          4
    ---------------------------------------------
    Total:                   12

rt6M_tl.a: [3]
    I32DivModFast.o         174
    IntDivZer.o               2
    cexit.o                  10
    cmain.o                  30
    copy_init3.o             48
    cstartup_M.o             12
    data_init.o              40
    vector_table_M.o         66
    ---------------------------------------------
    Total:                  382

shb_l.a: [4]
    exit.o                   20
    ---------------------------------------------
    Total:                   20

    Gaps                      4
    Linker created                    20    1'024
-------------------------------------------------
    Grand Total:          1'940       64    1'032


*******************************************************************************
*** ENTRY LIST
***

Entry                       Address   Size  Type      Object
-----                       -------   ----  ----      ------
.iar.init_table$$Base    0x800'073c          --   Gb  - Linker created -
.iar.init_table$$Limit   0x800'0750          --   Gb  - Linker created -
?main                    0x800'0751         Code  Gb  cmain.o [3]
AHBPrescTable            0x800'079c   0x10  Data  Gb  system_stm32l0xx.o [1]
CSTACK$$Base            0x2000'0008          --   Gb  - Linker created -
CSTACK$$Limit           0x2000'0408          --   Gb  - Linker created -
HardFault_Handler        0x800'06d9    0x4  Code  Gb  stm32l0xx_it.o [1]
NMI_Handler              0x800'06d7    0x2  Code  Gb  stm32l0xx_it.o [1]
NVIC_SetPriority         0x800'0535   0x8a  Code  Lc  customdelay.o [1]
PLLMulTable              0x800'07ac    0xc  Data  Gb  system_stm32l0xx.o [1]
PendSV_Handler           0x800'06df    0x2  Code  Gb  stm32l0xx_it.o [1]
Region$$Table$$Base      0x800'073c          --   Gb  - Linker created -
Region$$Table$$Limit     0x800'0750          --   Gb  - Linker created -
SPI_GPIO                 0x800'034b   0x46  Code  Gb  main.o [1]
SPI_Transmit             0x800'031d   0x2e  Code  Gb  main.o [1]
SPI_init                 0x800'02ad   0x70  Code  Gb  main.o [1]
SVC_Handler              0x800'06dd    0x2  Code  Gb  stm32l0xx_it.o [1]
SysTick_Config           0x800'05bf   0x30  Code  Lc  customdelay.o [1]
SysTick_Handler          0x800'0603    0xa  Code  Gb  customdelay.o [1]
SystemCoreClock         0x2000'0000    0x4  Data  Gb  system_stm32l0xx.o [1]
SystemCoreClockUpdate    0x800'0445   0xca  Code  Gb  system_stm32l0xx.o [1]
Tick                    0x2000'0004    0x4  Data  Lc  customdelay.o [1]
__aeabi_idiv0            0x800'06e1         Code  Gb  IntDivZer.o [3]
__aeabi_uidiv            0x800'0629         Code  Gb  I32DivModFast.o [3]
__aeabi_uidivmod         0x800'0629         Code  Gb  I32DivModFast.o [3]
__cmain                  0x800'0751         Code  Gb  cmain.o [3]
__exit                   0x800'0789   0x14  Code  Gb  exit.o [4]
__iar_copy_init3         0x800'06e3   0x30  Code  Gb  copy_init3.o [3]
__iar_data_init3         0x800'0715   0x28  Code  Gb  data_init.o [3]
__iar_program_start      0x800'07b9         Code  Gb  cstartup_M.o [3]
__low_level_init         0x800'076f    0x4  Code  Gb  low_level_init.o [2]
__vector_table           0x800'0000         Data  Gb  vector_table_M.o [3]
_call_main               0x800'075d         Code  Gb  cmain.o [3]
_exit                    0x800'077d         Code  Gb  cexit.o [3]
_main                    0x800'076b         Code  Gb  cmain.o [3]
customClock_init         0x800'03b1   0x94  Code  Gb  customclock.o [1]
customDelay_init         0x800'05ef   0x14  Code  Gb  customdelay.o [1]
customGPIO_init          0x800'0041  0x1d6  Code  Gb  customgpio.o [1]
exit                     0x800'0773    0x8  Code  Gb  exit.o [2]
main                     0x800'0271   0x3c  Code  Gb  main.o [1]


[1] = C:\Users\soren\Desktop\Bare-Metal-STM32L058\8_SPI  ongoing\EWARM\Debug\Obj
[2] = dl6M_tlf.a
[3] = rt6M_tl.a
[4] = shb_l.a

  1'940 bytes of readonly  code memory
     64 bytes of readonly  data memory
  1'032 bytes of readwrite data memory

Errors: none
Warnings: none
