###############################################################################
#
# IAR ELF Linker V8.50.6.265/W32 for ARM                  08/Feb/2021  10:18:05
# Copyright 2007-2020 IAR Systems AB.
#
#    Output file  =
#        C:\Users\soren\Desktop\Bare-Metal-STM32L058\3.1_TimerUpCount_INTI\EWARM\Debug\Exe\BasicUpCounterInterrupt.out
#    Map file     =
#        C:\Users\soren\Desktop\Bare-Metal-STM32L058\3.1_TimerUpCount_INTI\EWARM\Debug\List\BasicUpCounterInterrupt.map
#    Command line =
#        -f C:\Users\soren\AppData\Local\Temp\EW7813.tmp
#        (C:\Users\soren\Desktop\Bare-Metal-STM32L058\3.1_TimerUpCount_INTI\EWARM\Debug\Obj\customclock.o
#        C:\Users\soren\Desktop\Bare-Metal-STM32L058\3.1_TimerUpCount_INTI\EWARM\Debug\Obj\customdelay.o
#        C:\Users\soren\Desktop\Bare-Metal-STM32L058\3.1_TimerUpCount_INTI\EWARM\Debug\Obj\customgpio.o
#        C:\Users\soren\Desktop\Bare-Metal-STM32L058\3.1_TimerUpCount_INTI\EWARM\Debug\Obj\main.o
#        C:\Users\soren\Desktop\Bare-Metal-STM32L058\3.1_TimerUpCount_INTI\EWARM\Debug\Obj\startup_stm32l053xx.o
#        C:\Users\soren\Desktop\Bare-Metal-STM32L058\3.1_TimerUpCount_INTI\EWARM\Debug\Obj\stm32l0xx_it.o
#        C:\Users\soren\Desktop\Bare-Metal-STM32L058\3.1_TimerUpCount_INTI\EWARM\Debug\Obj\system_stm32l0xx.o
#        --no_out_extension -o
#        C:\Users\soren\Desktop\Bare-Metal-STM32L058\3.1_TimerUpCount_INTI\EWARM\Debug\Exe\BasicUpCounterInterrupt.out
#        --redirect _Printf=_PrintfFullNoMb --redirect _Scanf=_ScanfFullNoMb
#        --map
#        C:\Users\soren\Desktop\Bare-Metal-STM32L058\3.1_TimerUpCount_INTI\EWARM\Debug\List\BasicUpCounterInterrupt.map
#        --config "Z:\Program Files (x86)\IAR Systems\Embedded Workbench
#        8.4\arm\config\linker\ST\stm32l053x8.icf" --semihosting --entry
#        __iar_program_start --vfe --text_out locale)
#
###############################################################################

*******************************************************************************
*** RUNTIME MODEL ATTRIBUTES
***

CppFlavor       = *
__SystemLibrary = DLib
__dlib_version  = 6


*******************************************************************************
*** HEAP SELECTION
***

The basic heap was selected because some modules are built with
size limitations (and not runtime checking), and --advanced_heap
was not specified.


*******************************************************************************
*** PLACEMENT SUMMARY
***

"A0":  place at address 0x800'0000 { ro section .intvec };
"P1":  place in [from 0x800'0000 to 0x800'ffff] { ro };
define block CSTACK with size = 1K, alignment = 8 { };
define block HEAP with size = 2K, alignment = 8 { };
"P2":  place in [from 0x2000'0000 to 0x2000'1fff] {
          rw, block CSTACK, block HEAP };
initialize by copy { rw };

No sections matched the following patterns:

  section .eeprom  in "P3"


  Section            Kind         Address   Size  Object
  -------            ----         -------   ----  ------
"A0":                                       0xc0
  .intvec            ro code   0x800'0000   0xc0  startup_stm32l053xx.o [1]
                             - 0x800'00c0   0xc0

"P1":                                      0x5f8
  .text              ro code   0x800'00c0  0x12c  main.o [1]
  .text              ro code   0x800'01ec   0x94  customclock.o [1]
  .text              ro code   0x800'0280   0xf0  system_stm32l0xx.o [1]
  .text              ro code   0x800'0370   0xae  I32DivModFast.o [3]
  .text              ro code   0x800'041e    0xa  stm32l0xx_it.o [1]
  .text              ro code   0x800'0428   0xf0  customgpio.o [1]
  .text              ro code   0x800'0518   0x50  main.o [1]
  .text              ro code   0x800'0568   0x20  customdelay.o [1]
  .text              ro code   0x800'0588    0x2  IntDivZer.o [3]
  .text              ro code   0x800'058a   0x30  copy_init3.o [3]
  .text              ro code   0x800'05ba    0x2  startup_stm32l053xx.o [1]
  .text              ro code   0x800'05bc   0x28  data_init.o [3]
  .iar.init_table    const     0x800'05e4   0x14  - Linker created -
  .text              ro code   0x800'05f8   0x1e  cmain.o [3]
  .text              ro code   0x800'0616    0x4  low_level_init.o [2]
  .text              ro code   0x800'061a    0x8  exit.o [2]
  .text              ro code   0x800'0622    0x2  startup_stm32l053xx.o [1]
  .text              ro code   0x800'0624    0xa  cexit.o [3]
  .text              ro code   0x800'062e    0x2  startup_stm32l053xx.o [1]
  .text              ro code   0x800'0630   0x14  exit.o [4]
  .rodata            const     0x800'0644   0x10  system_stm32l0xx.o [1]
  .text              ro code   0x800'0654   0x10  startup_stm32l053xx.o [1]
  .rodata            const     0x800'0664    0xc  system_stm32l0xx.o [1]
  .text              ro code   0x800'0670    0xc  cstartup_M.o [3]
  Initializer bytes  const     0x800'067c    0xc  <for P2-1>
  .text              ro code   0x800'0688    0x2  startup_stm32l053xx.o [1]
  .text              ro code   0x800'068a    0x2  startup_stm32l053xx.o [1]
  .text              ro code   0x800'068c    0x2  startup_stm32l053xx.o [1]
  .text              ro code   0x800'068e    0x2  startup_stm32l053xx.o [1]
  .text              ro code   0x800'0690    0x2  startup_stm32l053xx.o [1]
  .text              ro code   0x800'0692    0x2  startup_stm32l053xx.o [1]
  .text              ro code   0x800'0694    0x2  startup_stm32l053xx.o [1]
  .text              ro code   0x800'0696    0x2  startup_stm32l053xx.o [1]
  .text              ro code   0x800'0698    0x2  startup_stm32l053xx.o [1]
  .text              ro code   0x800'069a    0x2  startup_stm32l053xx.o [1]
  .text              ro code   0x800'069c    0x2  startup_stm32l053xx.o [1]
  .text              ro code   0x800'069e    0x2  startup_stm32l053xx.o [1]
  .text              ro code   0x800'06a0    0x2  startup_stm32l053xx.o [1]
  .text              ro code   0x800'06a2    0x2  startup_stm32l053xx.o [1]
  .text              ro code   0x800'06a4    0x2  startup_stm32l053xx.o [1]
  .text              ro code   0x800'06a6    0x2  startup_stm32l053xx.o [1]
  .text              ro code   0x800'06a8    0x2  startup_stm32l053xx.o [1]
  .text              ro code   0x800'06aa    0x2  startup_stm32l053xx.o [1]
  .text              ro code   0x800'06ac    0x2  startup_stm32l053xx.o [1]
  .text              ro code   0x800'06ae    0x2  startup_stm32l053xx.o [1]
  .text              ro code   0x800'06b0    0x2  startup_stm32l053xx.o [1]
  .text              ro code   0x800'06b2    0x2  startup_stm32l053xx.o [1]
  .text              ro code   0x800'06b4    0x2  startup_stm32l053xx.o [1]
  .text              ro code   0x800'06b6    0x2  startup_stm32l053xx.o [1]
  .rodata            const     0x800'06b8    0x0  copy_init3.o [3]
                             - 0x800'06b8  0x5f8

"P2", part 1 of 2:                           0xc
  P2-1                        0x2000'0000    0x9  <Init block>
    .data            inited   0x2000'0000    0x4  system_stm32l0xx.o [1]
    .bss             inited   0x2000'0004    0x4  customdelay.o [1]
    .bss             inited   0x2000'0008    0x1  main.o [1]
                            - 0x2000'0009    0x9

"P2", part 2 of 2:                         0x400
  CSTACK                      0x2000'0010  0x400  <Block>
    CSTACK           uninit   0x2000'0010  0x400  <Block tail>
                            - 0x2000'0410  0x400

Unused ranges:

         From           To    Size
         ----           --    ----
   0x800'06b8   0x800'ffff  0xf948
  0x2000'000c  0x2000'000f     0x4
  0x2000'0410  0x2000'1fff  0x1bf0


*******************************************************************************
*** INIT TABLE
***

          Address      Size
          -------      ----
Copy (__iar_copy_init3)
    1 source range, total size 0xc (133% of destination):
           0x800'067c   0xc
    1 destination range, total size 0x9:
          0x2000'0000   0x9



*******************************************************************************
*** MODULE SUMMARY
***

    Module                 ro code  ro data  rw data
    ------                 -------  -------  -------
command line/config:
    ------------------------------------------------
    Total:

C:\Users\soren\Desktop\Bare-Metal-STM32L058\3.1_TimerUpCount_INTI\EWARM\Debug\Obj: [1]
    customclock.o              148
    customdelay.o               32        4        4
    customgpio.o               240
    main.o                     380        1        1
    startup_stm32l053xx.o      262
    stm32l0xx_it.o              10
    system_stm32l0xx.o         240       32        4
    ------------------------------------------------
    Total:                   1'312       37        9

dl6M_tln.a: [2]
    exit.o                       8
    low_level_init.o             4
    ------------------------------------------------
    Total:                      12

rt6M_tl.a: [3]
    I32DivModFast.o            174
    IntDivZer.o                  2
    cexit.o                     10
    cmain.o                     30
    copy_init3.o                48
    cstartup_M.o                12
    data_init.o                 40
    ------------------------------------------------
    Total:                     316

shb_l.a: [4]
    exit.o                      20
    ------------------------------------------------
    Total:                      20

    Linker created                       23    1'024
----------------------------------------------------
    Grand Total:             1'660       60    1'033


*******************************************************************************
*** ENTRY LIST
***

Entry                       Address  Size  Type      Object
-----                       -------  ----  ----      ------
.iar.init_table$$Base    0x800'05e4         --   Gb  - Linker created -
.iar.init_table$$Limit   0x800'05f8         --   Gb  - Linker created -
?main                    0x800'05f9        Code  Gb  cmain.o [3]
AHBPrescTable            0x800'0644  0x10  Data  Gb  system_stm32l0xx.o [1]
CSTACK$$Base            0x2000'0010         --   Gb  - Linker created -
CSTACK$$Limit           0x2000'0410         --   Gb  - Linker created -
Counter_Init             0x800'0519  0x50  Code  Gb  main.o [1]
HardFault_Handler        0x800'0421   0x4  Code  Gb  stm32l0xx_it.o [1]
NMI_Handler              0x800'041f   0x2  Code  Gb  stm32l0xx_it.o [1]
NVIC_EnableIRQ           0x800'00c1   0xe  Code  Lc  main.o [1]
NVIC_SetPriority         0x800'00cf  0x8a  Code  Lc  main.o [1]
PLLMulTable              0x800'0664   0xc  Data  Gb  system_stm32l0xx.o [1]
PendSV_Handler           0x800'0427   0x2  Code  Gb  stm32l0xx_it.o [1]
Region$$Table$$Base      0x800'05e4         --   Gb  - Linker created -
Region$$Table$$Limit     0x800'05f8         --   Gb  - Linker created -
SVC_Handler              0x800'0425   0x2  Code  Gb  stm32l0xx_it.o [1]
SysTick_Config           0x800'0159  0x30  Code  Lc  main.o [1]
SysTick_Handler          0x800'0579   0xa  Code  Gb  customdelay.o [1]
SystemCoreClock         0x2000'0000   0x4  Data  Gb  system_stm32l0xx.o [1]
SystemCoreClockUpdate    0x800'0283  0xca  Code  Gb  system_stm32l0xx.o [1]
SystemInit               0x800'0281   0x2  Code  Gb  system_stm32l0xx.o [1]
TIM6_DAC_IRQHandler      0x800'01b9  0x10  Code  Gb  main.o [1]
Tick                    0x2000'0004   0x4  Data  Lc  customdelay.o [1]
__aeabi_idiv0            0x800'0589        Code  Gb  IntDivZer.o [3]
__aeabi_uidiv            0x800'0371        Code  Gb  I32DivModFast.o [3]
__aeabi_uidivmod         0x800'0371        Code  Gb  I32DivModFast.o [3]
__cmain                  0x800'05f9        Code  Gb  cmain.o [3]
__exit                   0x800'0631  0x14  Code  Gb  exit.o [4]
__iar_copy_init3         0x800'058b  0x30  Code  Gb  copy_init3.o [3]
__iar_data_init3         0x800'05bd  0x28  Code  Gb  data_init.o [3]
__iar_program_start      0x800'0671        Code  Gb  cstartup_M.o [3]
__low_level_init         0x800'0617   0x4  Code  Gb  low_level_init.o [2]
__vector_table           0x800'0000        Data  Gb  startup_stm32l053xx.o [1]
_call_main               0x800'0605        Code  Gb  cmain.o [3]
_exit                    0x800'0625        Code  Gb  cexit.o [3]
_main                    0x800'0613        Code  Gb  cmain.o [3]
customClock_init         0x800'01ed  0x94  Code  Gb  customclock.o [1]
customDelay              0x800'0569  0x10  Code  Gb  customdelay.o [1]
customGPIO_init          0x800'0429  0xb6  Code  Gb  customgpio.o [1]
exit                     0x800'061b   0x8  Code  Gb  exit.o [2]
main                     0x800'0189  0x30  Code  Gb  main.o [1]
test                    0x2000'0008   0x1  Data  Lc  main.o [1]
toggleLED2               0x800'04df   0xc  Code  Gb  customgpio.o [1]


[1] = C:\Users\soren\Desktop\Bare-Metal-STM32L058\3.1_TimerUpCount_INTI\EWARM\Debug\Obj
[2] = dl6M_tln.a
[3] = rt6M_tl.a
[4] = shb_l.a

  1'660 bytes of readonly  code memory
     60 bytes of readonly  data memory
  1'033 bytes of readwrite data memory

Errors: none
Warnings: none
