###############################################################################
#
# IAR ELF Linker V8.50.6.265/W32 for ARM                  05/Jan/2021  09:24:47
# Copyright 2007-2020 IAR Systems AB.
#
#    Output file  =
#        C:\Users\soren\Desktop\Bare-Metal-STM32L058\GPIOAToggleLD2\EWARM\STM32L053R8_NUCLEO\Exe\Project.out
#    Map file     =
#        C:\Users\soren\Desktop\Bare-Metal-STM32L058\GPIOAToggleLD2\EWARM\STM32L053R8_NUCLEO\List\Project.map
#    Command line =
#        -f C:\Users\soren\AppData\Local\Temp\EWE95A.tmp
#        (C:\Users\soren\Desktop\Bare-Metal-STM32L058\GPIOAToggleLD2\EWARM\STM32L053R8_NUCLEO\Obj\main.o
#        C:\Users\soren\Desktop\Bare-Metal-STM32L058\GPIOAToggleLD2\EWARM\STM32L053R8_NUCLEO\Obj\stm32l0xx_it.o
#        --redirect _Printf=_PrintfSmall --redirect _Scanf=_ScanfSmall
#        --no_out_extension -o
#        C:\Users\soren\Desktop\Bare-Metal-STM32L058\GPIOAToggleLD2\EWARM\STM32L053R8_NUCLEO\Exe\Project.out
#        --map
#        C:\Users\soren\Desktop\Bare-Metal-STM32L058\GPIOAToggleLD2\EWARM\STM32L053R8_NUCLEO\List\Project.map
#        --config
#        C:\Users\soren\Desktop\Bare-Metal-STM32L058\GPIOAToggleLD2\EWARM\stm32l053xx_flash.icf
#        --semihosting --entry __iar_program_start --vfe --text_out locale)
#
###############################################################################

*******************************************************************************
*** RUNTIME MODEL ATTRIBUTES
***

CppFlavor       = *
__SystemLibrary = DLib
__dlib_version  = 6


*******************************************************************************
*** HEAP SELECTION
***

The basic heap was selected because some modules are built with
size limitations (and not runtime checking), and --advanced_heap
was not specified.


*******************************************************************************
*** PLACEMENT SUMMARY
***

"A0":  place at address 0x800'0000 { ro section .intvec };
"P1":  place in [from 0x800'0000 to 0x800'ffff] { ro };
define block CSTACK with size = 1K, alignment = 8 { };
define block HEAP with size = 512, alignment = 8 { };
"P2":  place in [from 0x2000'0000 to 0x2000'1fff] {
          rw, block CSTACK, block HEAP };

No sections matched the following patterns:

  rw  in "P2"


  Section   Kind         Address   Size  Object
  -------   ----         -------   ----  ------
"A0":                              0x40
  .intvec   ro code   0x800'0000   0x40  vector_table_M.o [3]
                    - 0x800'0040   0x40

"P1":                              0xb8
  .text     ro code   0x800'0040   0x58  main.o [1]
  .text     ro code   0x800'0098   0x1e  cmain.o [3]
  .text     ro code   0x800'00b6    0x4  low_level_init.o [2]
  .text     ro code   0x800'00ba    0x8  exit.o [2]
  .text     ro code   0x800'00c2    0xa  stm32l0xx_it.o [1]
  .text     ro code   0x800'00cc    0xa  cexit.o [3]
  .text     ro code   0x800'00d6    0x2  vector_table_M.o [3]
  .text     ro code   0x800'00d8   0x14  exit.o [4]
  .text     ro code   0x800'00ec    0xc  cstartup_M.o [3]
                    - 0x800'00f8   0xb8

"P2":                             0x400
  CSTACK             0x2000'0000  0x400  <Block>
    CSTACK  uninit   0x2000'0000  0x400  <Block tail>
                   - 0x2000'0400  0x400

Unused ranges:

         From           To    Size
         ----           --    ----
   0x800'00f8   0x800'ffff  0xff08
  0x2000'0400  0x2000'1fff  0x1c00



*******************************************************************************
*** MODULE SUMMARY
***

    Module            ro code  rw data
    ------            -------  -------
command line/config:
    ----------------------------------
    Total:

C:\Users\soren\Desktop\Bare-Metal-STM32L058\GPIOAToggleLD2\EWARM\STM32L053R8_NUCLEO\Obj: [1]
    main.o                 88
    stm32l0xx_it.o         10
    ----------------------------------
    Total:                 98

dl6M_tln.a: [2]
    exit.o                  8
    low_level_init.o        4
    ----------------------------------
    Total:                 12

rt6M_tl.a: [3]
    cexit.o                10
    cmain.o                30
    cstartup_M.o           12
    vector_table_M.o       66
    ----------------------------------
    Total:                118

shb_l.a: [4]
    exit.o                 20
    ----------------------------------
    Total:                 20

    Linker created               1'024
--------------------------------------
    Grand Total:          248    1'024


*******************************************************************************
*** ENTRY LIST
***

Entry                     Address  Size  Type      Object
-----                     -------  ----  ----      ------
?main                  0x800'0099        Code  Gb  cmain.o [3]
CSTACK$$Base          0x2000'0000         --   Gb  - Linker created -
CSTACK$$Limit         0x2000'0400         --   Gb  - Linker created -
HardFault_Handler      0x800'00c5   0x2  Code  Gb  stm32l0xx_it.o [1]
NMI_Handler            0x800'00c3   0x2  Code  Gb  stm32l0xx_it.o [1]
PendSV_Handler         0x800'00c9   0x2  Code  Gb  stm32l0xx_it.o [1]
Region$$Table$$Base           0x0         --   Gb  - Linker created -
Region$$Table$$Limit          0x0         --   Gb  - Linker created -
SVC_Handler            0x800'00c7   0x2  Code  Gb  stm32l0xx_it.o [1]
SysTick_Handler        0x800'00cb   0x2  Code  Gb  stm32l0xx_it.o [1]
__cmain                0x800'0099        Code  Gb  cmain.o [3]
__exit                 0x800'00d9  0x14  Code  Gb  exit.o [4]
__iar_program_start    0x800'00ed        Code  Gb  cstartup_M.o [3]
__low_level_init       0x800'00b7   0x4  Code  Gb  low_level_init.o [2]
__vector_table         0x800'0000        Data  Gb  vector_table_M.o [3]
_call_main             0x800'00a5        Code  Gb  cmain.o [3]
_exit                  0x800'00cd        Code  Gb  cexit.o [3]
_main                  0x800'00b3        Code  Gb  cmain.o [3]
exit                   0x800'00bb   0x8  Code  Gb  exit.o [2]
main                   0x800'0041  0x58  Code  Gb  main.o [1]


[1] = C:\Users\soren\Desktop\Bare-Metal-STM32L058\GPIOAToggleLD2\EWARM\STM32L053R8_NUCLEO\Obj
[2] = dl6M_tln.a
[3] = rt6M_tl.a
[4] = shb_l.a

    248 bytes of readonly  code memory
  1'024 bytes of readwrite data memory

Errors: none
Warnings: none
